Archive member included to satisfy reference by file (symbol)

c:/develop/gcc-arm-none-eabi/bin/../lib/gcc/arm-none-eabi/10.3.1/../../../../arm-none-eabi/lib/thumb/v7-m/nofp\libc_nano.a(lib_a-exit.o)
                              c:/develop/gcc-arm-none-eabi/bin/../lib/gcc/arm-none-eabi/10.3.1/../../../../arm-none-eabi/lib/thumb/v7-m/nofp/crt0.o (exit)
c:/develop/gcc-arm-none-eabi/bin/../lib/gcc/arm-none-eabi/10.3.1/../../../../arm-none-eabi/lib/thumb/v7-m/nofp\libc_nano.a(lib_a-impure.o)
                              c:/develop/gcc-arm-none-eabi/bin/../lib/gcc/arm-none-eabi/10.3.1/../../../../arm-none-eabi/lib/thumb/v7-m/nofp\libc_nano.a(lib_a-exit.o) (_global_impure_ptr)
c:/develop/gcc-arm-none-eabi/bin/../lib/gcc/arm-none-eabi/10.3.1/../../../../arm-none-eabi/lib/thumb/v7-m/nofp\libc_nano.a(lib_a-init.o)
                              c:/develop/gcc-arm-none-eabi/bin/../lib/gcc/arm-none-eabi/10.3.1/../../../../arm-none-eabi/lib/thumb/v7-m/nofp/crt0.o (__libc_init_array)
c:/develop/gcc-arm-none-eabi/bin/../lib/gcc/arm-none-eabi/10.3.1/../../../../arm-none-eabi/lib/thumb/v7-m/nofp\libc_nano.a(lib_a-memset.o)
                              c:/develop/gcc-arm-none-eabi/bin/../lib/gcc/arm-none-eabi/10.3.1/../../../../arm-none-eabi/lib/thumb/v7-m/nofp/crt0.o (memset)
c:/develop/gcc-arm-none-eabi/bin/../lib/gcc/arm-none-eabi/10.3.1/../../../../arm-none-eabi/lib/thumb/v7-m/nofp\libc_nano.a(lib_a-nano-vfprintf_float.o)
                              (_printf_float)
c:/develop/gcc-arm-none-eabi/bin/../lib/gcc/arm-none-eabi/10.3.1/../../../../arm-none-eabi/lib/thumb/v7-m/nofp\libc_nano.a(lib_a-nano-vfprintf_i.o)
                              c:/develop/gcc-arm-none-eabi/bin/../lib/gcc/arm-none-eabi/10.3.1/../../../../arm-none-eabi/lib/thumb/v7-m/nofp\libc_nano.a(lib_a-nano-vfprintf_float.o) (_printf_common)
c:/develop/gcc-arm-none-eabi/bin/../lib/gcc/arm-none-eabi/10.3.1/../../../../arm-none-eabi/lib/thumb/v7-m/nofp\libc_nano.a(lib_a-nano-vfscanf_float.o)
                              (_scanf_float)
c:/develop/gcc-arm-none-eabi/bin/../lib/gcc/arm-none-eabi/10.3.1/../../../../arm-none-eabi/lib/thumb/v7-m/nofp\libc_nano.a(lib_a-sf_nan.o)
                              c:/develop/gcc-arm-none-eabi/bin/../lib/gcc/arm-none-eabi/10.3.1/../../../../arm-none-eabi/lib/thumb/v7-m/nofp\libc_nano.a(lib_a-nano-vfscanf_float.o) (nanf)
c:/develop/gcc-arm-none-eabi/bin/../lib/gcc/arm-none-eabi/10.3.1/../../../../arm-none-eabi/lib/thumb/v7-m/nofp\libc_nano.a(lib_a-sprintf.o)
                              c:/develop/gcc-arm-none-eabi/bin/../lib/gcc/arm-none-eabi/10.3.1/../../../../arm-none-eabi/lib/thumb/v7-m/nofp\libc_nano.a(lib_a-nano-vfscanf_float.o) (sprintf)
c:/develop/gcc-arm-none-eabi/bin/../lib/gcc/arm-none-eabi/10.3.1/../../../../arm-none-eabi/lib/thumb/v7-m/nofp\libc_nano.a(lib_a-strlen.o)
                              build/usart.o (strlen)
c:/develop/gcc-arm-none-eabi/bin/../lib/gcc/arm-none-eabi/10.3.1/../../../../arm-none-eabi/lib/thumb/v7-m/nofp\libc_nano.a(lib_a-strtod.o)
                              c:/develop/gcc-arm-none-eabi/bin/../lib/gcc/arm-none-eabi/10.3.1/../../../../arm-none-eabi/lib/thumb/v7-m/nofp\libc_nano.a(lib_a-nano-vfscanf_float.o) (_strtod_r)
c:/develop/gcc-arm-none-eabi/bin/../lib/gcc/arm-none-eabi/10.3.1/../../../../arm-none-eabi/lib/thumb/v7-m/nofp\libc_nano.a(lib_a-strtol.o)
                              c:/develop/gcc-arm-none-eabi/bin/../lib/gcc/arm-none-eabi/10.3.1/../../../../arm-none-eabi/lib/thumb/v7-m/nofp\libc_nano.a(lib_a-nano-vfscanf_float.o) (_strtol_r)
c:/develop/gcc-arm-none-eabi/bin/../lib/gcc/arm-none-eabi/10.3.1/../../../../arm-none-eabi/lib/thumb/v7-m/nofp\libc_nano.a(lib_a-vsnprintf.o)
                              build/usart.o (vsnprintf)
c:/develop/gcc-arm-none-eabi/bin/../lib/gcc/arm-none-eabi/10.3.1/../../../../arm-none-eabi/lib/thumb/v7-m/nofp\libc_nano.a(lib_a-ctype_.o)
                              c:/develop/gcc-arm-none-eabi/bin/../lib/gcc/arm-none-eabi/10.3.1/../../../../arm-none-eabi/lib/thumb/v7-m/nofp\libc_nano.a(lib_a-strtol.o) (_ctype_)
c:/develop/gcc-arm-none-eabi/bin/../lib/gcc/arm-none-eabi/10.3.1/../../../../arm-none-eabi/lib/thumb/v7-m/nofp\libc_nano.a(lib_a-dtoa.o)
                              c:/develop/gcc-arm-none-eabi/bin/../lib/gcc/arm-none-eabi/10.3.1/../../../../arm-none-eabi/lib/thumb/v7-m/nofp\libc_nano.a(lib_a-nano-vfprintf_float.o) (_dtoa_r)
c:/develop/gcc-arm-none-eabi/bin/../lib/gcc/arm-none-eabi/10.3.1/../../../../arm-none-eabi/lib/thumb/v7-m/nofp\libc_nano.a(lib_a-errno.o)
                              c:/develop/gcc-arm-none-eabi/bin/../lib/gcc/arm-none-eabi/10.3.1/../../../../arm-none-eabi/lib/thumb/v7-m/nofp\libc_nano.a(lib_a-strtol.o) (__errno)
c:/develop/gcc-arm-none-eabi/bin/../lib/gcc/arm-none-eabi/10.3.1/../../../../arm-none-eabi/lib/thumb/v7-m/nofp\libc_nano.a(lib_a-gdtoa-gethex.o)
[...]
Memory Configuration

Name             Origin             Length             Attributes
FLASH            0x08000000         0x00020000         xr
RAM              0x20000000         0x00005000         xrw
MEMORY_B1        0x60000000         0x00000000         xr
*default*        0x00000000         0xffffffff

Linker script and memory map

LOAD c:/develop/gcc-arm-none-eabi/bin/../lib/gcc/arm-none-eabi/10.3.1/thumb/v7-m/nofp/crti.o
LOAD c:/develop/gcc-arm-none-eabi/bin/../lib/gcc/arm-none-eabi/10.3.1/thumb/v7-m/nofp/crtbegin.o
LOAD c:/develop/gcc-arm-none-eabi/bin/../lib/gcc/arm-none-eabi/10.3.1/../../../../arm-none-eabi/lib/thumb/v7-m/nofp/crt0.o
LOAD build/main.o
LOAD build/stm32f10x_it.o
LOAD build/core_cm3.o
LOAD build/system_stm32f10x.o
LOAD build/misc.o
LOAD build/stm32f10x_gpio.o
LOAD build/stm32f10x_rcc.o
LOAD build/stm32f10x_usart.o
LOAD build/stm32f10x_flash.o
LOAD build/stm32f10x_rtc.o
LOAD build/stm32f10x_pwr.o
LOAD build/stm32f10x_bkp.o
LOAD build/stm32f10x_i2c.o
LOAD build/sys.o
LOAD build/delay.o
LOAD build/flash.o
LOAD build/usart.o
LOAD build/rtc.o
LOAD build/i2c.o
LOAD build/led.o
LOAD build/key.o
LOAD build/buzzer.o
LOAD build/touch_key.o
LOAD build/TM1640.o
LOAD build/encoder.o
LOAD build/LM75A.o
LOAD build/oled0561.o
LOAD build/startup_stm32f10x_hd.o
LOAD c:/develop/gcc-arm-none-eabi/bin/../lib/gcc/arm-none-eabi/10.3.1/../../../../arm-none-eabi/lib/thumb/v7-m/nofp\libc_nano.a
LOAD c:/develop/gcc-arm-none-eabi/bin/../lib/gcc/arm-none-eabi/10.3.1/../../../../arm-none-eabi/lib/thumb/v7-m/nofp\libm.a
LOAD c:/develop/gcc-arm-none-eabi/bin/../lib/gcc/arm-none-eabi/10.3.1/../../../../arm-none-eabi/lib/thumb/v7-m/nofp\libnosys.a
START GROUP
LOAD c:/develop/gcc-arm-none-eabi/bin/../lib/gcc/arm-none-eabi/10.3.1/thumb/v7-m/nofp\libgcc.a
LOAD c:/develop/gcc-arm-none-eabi/bin/../lib/gcc/arm-none-eabi/10.3.1/../../../../arm-none-eabi/lib/thumb/v7-m/nofp\libc_nano.a
END GROUP
START GROUP
LOAD c:/develop/gcc-arm-none-eabi/bin/../lib/gcc/arm-none-eabi/10.3.1/thumb/v7-m/nofp\libgcc.a
LOAD c:/develop/gcc-arm-none-eabi/bin/../lib/gcc/arm-none-eabi/10.3.1/../../../../arm-none-eabi/lib/thumb/v7-m/nofp\libc_nano.a
LOAD c:/develop/gcc-arm-none-eabi/bin/../lib/gcc/arm-none-eabi/10.3.1/../../../../arm-none-eabi/lib/thumb/v7-m/nofp\libnosys.a
END GROUP
START GROUP
LOAD c:/develop/gcc-arm-none-eabi/bin/../lib/gcc/arm-none-eabi/10.3.1/thumb/v7-m/nofp\libgcc.a
LOAD c:/develop/gcc-arm-none-eabi/bin/../lib/gcc/arm-none-eabi/10.3.1/../../../../arm-none-eabi/lib/thumb/v7-m/nofp\libc_nano.a
LOAD c:/develop/gcc-arm-none-eabi/bin/../lib/gcc/arm-none-eabi/10.3.1/../../../../arm-none-eabi/lib/thumb/v7-m/nofp\libnosys.a
END GROUP
LOAD c:/develop/gcc-arm-none-eabi/bin/../lib/gcc/arm-none-eabi/10.3.1/thumb/v7-m/nofp/crtend.o
LOAD c:/develop/gcc-arm-none-eabi/bin/../lib/gcc/arm-none-eabi/10.3.1/thumb/v7-m/nofp/crtn.o
                0x20005000                _estack = 0x20005000
                0x00000000                _Min_Heap_Size = 0x0
                0x00000100                _Min_Stack_Size = 0x100

.isr_vector     0x08000000      0x1e4
                0x08000000                . = ALIGN (0x4)
 *(.isr_vector)
 .isr_vector    0x08000000      0x1e4 build/startup_stm32f10x_hd.o
                0x08000000                g_pfnVectors
                0x080001e4                . = ALIGN (0x4)

.eh_frame       0x080001e4        0x0
 .eh_frame      0x080001e4        0x0 c:/develop/gcc-arm-none-eabi/bin/../lib/gcc/arm-none-eabi/10.3.1/thumb/v7-m/nofp/crtbegin.o

.text           0x080001e8     0x66fc
                0x080001e8                . = ALIGN (0x4)
 *(.text)
 .text          0x080001e8       0x40 c:/develop/gcc-arm-none-eabi/bin/../lib/gcc/arm-none-eabi/10.3.1/thumb/v7-m/nofp/crtbegin.o
 .text          0x08000228       0x10 c:/develop/gcc-arm-none-eabi/bin/../lib/gcc/arm-none-eabi/10.3.1/../../../../arm-none-eabi/lib/thumb/v7-m/nofp\libc_nano.a(lib_a-strlen.o)
                0x08000228                strlen
 .text          0x08000238      0x378 c:/develop/gcc-arm-none-eabi/bin/../lib/gcc/arm-none-eabi/10.3.1/thumb/v7-m/nofp\libgcc.a(_arm_addsubdf3.o)
                0x08000238                __aeabi_drsub
                0x08000240                __aeabi_dsub
                0x08000240                __subdf3
                0x08000244                __aeabi_dadd
                0x08000244                __adddf3
                0x080004bc                __floatunsidf
                0x080004bc                __aeabi_ui2d
                0x080004dc                __floatsidf
                0x080004dc                __aeabi_i2d
                0x08000500                __aeabi_f2d
                0x08000500                __extendsfdf2
                0x08000544                __floatundidf
                0x08000544                __aeabi_ul2d
                0x08000554                __floatdidf
                0x08000554                __aeabi_l2d
 .text          0x080005b0      0x424 c:/develop/gcc-arm-none-eabi/bin/../lib/gcc/arm-none-eabi/10.3.1/thumb/v7-m/nofp\libgcc.a(_arm_muldivdf3.o)
                0x080005b0                __aeabi_dmul
                0x080005b0                __muldf3
                0x08000804                __divdf3
                0x08000804                __aeabi_ddiv
 .text          0x080009d4      0x110 c:/develop/gcc-arm-none-eabi/bin/../lib/gcc/arm-none-eabi/10.3.1/thumb/v7-m/nofp\libgcc.a(_arm_cmpdf2.o)
                0x080009d4                __gtdf2
                0x080009d4                __gedf2
                0x080009dc                __ltdf2
                0x080009dc                __ledf2
                0x080009e4                __nedf2
                0x080009e4                __eqdf2
                0x080009e4                __cmpdf2
                0x08000a60                __aeabi_cdrcmple
                0x08000a70                __aeabi_cdcmpeq
                0x08000a70                __aeabi_cdcmple
                0x08000a80                __aeabi_dcmpeq
                0x08000a94                __aeabi_dcmplt
                0x08000aa8                __aeabi_dcmple
                0x08000abc                __aeabi_dcmpge
                0x08000ad0                __aeabi_dcmpgt
 .text          0x08000ae4       0x2c c:/develop/gcc-arm-none-eabi/bin/../lib/gcc/arm-none-eabi/10.3.1/thumb/v7-m/nofp\libgcc.a(_arm_unorddf2.o)
                0x08000ae4                __unorddf2
                0x08000ae4                __aeabi_dcmpun
 .text          0x08000b10       0x50 c:/develop/gcc-arm-none-eabi/bin/../lib/gcc/arm-none-eabi/10.3.1/thumb/v7-m/nofp\libgcc.a(_arm_fixdfsi.o)
                0x08000b10                __aeabi_d2iz
                0x08000b10                __fixdfsi
 .text          0x08000b60       0x40 c:/develop/gcc-arm-none-eabi/bin/../lib/gcc/arm-none-eabi/10.3.1/thumb/v7-m/nofp\libgcc.a(_arm_fixunsdfsi.o)
                0x08000b60                __aeabi_d2uiz
                0x08000b60                __fixunsdfsi
 .text          0x08000ba0       0xa0 c:/develop/gcc-arm-none-eabi/bin/../lib/gcc/arm-none-eabi/10.3.1/thumb/v7-m/nofp\libgcc.a(_arm_truncdfsf2.o)
                0x08000ba0                __truncdfsf2
                0x08000ba0                __aeabi_d2f
 .text          0x08000c40       0x34 c:/develop/gcc-arm-none-eabi/bin/../lib/gcc/arm-none-eabi/10.3.1/thumb/v7-m/nofp\libgcc.a(_fixdfdi.o)
                0x08000c40                __fixdfdi
                0x08000c40                __aeabi_d2lz
 .text          0x08000c74       0x3c c:/develop/gcc-arm-none-eabi/bin/../lib/gcc/arm-none-eabi/10.3.1/thumb/v7-m/nofp\libgcc.a(_fixunsdfdi.o)
                0x08000c74                __fixunsdfdi
                0x08000c74                __aeabi_d2ulz
 *(.text*)
 .text.main     0x08000cb0       0x5c build/main.o
                0x08000cb0                main
 .text.NMI_Handler
                0x08000d0c        0x2 build/stm32f10x_it.o
                0x08000d0c                NMI_Handler
 .text.HardFault_Handler
                0x08000d0e        0x2 build/stm32f10x_it.o
                0x08000d0e                HardFault_Handler
 .text.MemManage_Handler
                0x08000d10        0x2 build/stm32f10x_it.o
                0x08000d10                MemManage_Handler
 .text.BusFault_Handler
                0x08000d12        0x2 build/stm32f10x_it.o
                0x08000d12                BusFault_Handler
 .text.UsageFault_Handler
                0x08000d14        0x2 build/stm32f10x_it.o
                0x08000d14                UsageFault_Handler
 .text.SVC_Handler
                0x08000d16        0x2 build/stm32f10x_it.o
                0x08000d16                SVC_Handler
 .text.DebugMon_Handler
                0x08000d18        0x2 build/stm32f10x_it.o
                0x08000d18                DebugMon_Handler
 .text.PendSV_Handler
                0x08000d1a        0x2 build/stm32f10x_it.o
                0x08000d1a                PendSV_Handler
 .text.SysTick_Handler
                0x08000d1c        0x2 build/stm32f10x_it.o
                0x08000d1c                SysTick_Handler
 *fill*         0x08000d1e        0x2 
 .text.SetSysClockTo72
                0x08000d20       0xc4 build/system_stm32f10x.o
 .text.SetSysClock
                0x08000de4        0x8 build/system_stm32f10x.o
 .text.SystemInit
                0x08000dec       0x50 build/system_stm32f10x.o
                0x08000dec                SystemInit
 .text.NVIC_Init
                0x08000e3c       0x64 build/misc.o
                0x08000e3c                NVIC_Init
 .text.GPIO_Init
                0x08000ea0       0xb2 build/stm32f10x_gpio.o
                0x08000ea0                GPIO_Init
 *fill*         0x08000f52        0x2 
 .text.RCC_DeInit
                0x08000f54       0x40 build/stm32f10x_rcc.o
                0x08000f54                RCC_DeInit
 .text.RCC_HSEConfig
                0x08000f94       0x3c build/stm32f10x_rcc.o
                0x08000f94                RCC_HSEConfig
 .text.RCC_PLLConfig
                0x08000fd0       0x14 build/stm32f10x_rcc.o
                0x08000fd0                RCC_PLLConfig
 .text.RCC_PLLCmd
                0x08000fe4        0xc build/stm32f10x_rcc.o
                0x08000fe4                RCC_PLLCmd
 .text.RCC_SYSCLKConfig
                0x08000ff0       0x14 build/stm32f10x_rcc.o
                0x08000ff0                RCC_SYSCLKConfig
 .text.RCC_GetSYSCLKSource
                0x08001004       0x10 build/stm32f10x_rcc.o
                0x08001004                RCC_GetSYSCLKSource
 .text.RCC_HCLKConfig
                0x08001014       0x14 build/stm32f10x_rcc.o
                0x08001014                RCC_HCLKConfig
 .text.RCC_PCLK1Config
                0x08001028       0x14 build/stm32f10x_rcc.o
                0x08001028                RCC_PCLK1Config
 .text.RCC_PCLK2Config
                0x0800103c       0x14 build/stm32f10x_rcc.o
                0x0800103c                RCC_PCLK2Config
 .text.RCC_GetClocksFreq
                0x08001050       0xbc build/stm32f10x_rcc.o
                0x08001050                RCC_GetClocksFreq
 .text.RCC_APB2PeriphClockCmd
                0x0800110c       0x1c build/stm32f10x_rcc.o
                0x0800110c                RCC_APB2PeriphClockCmd
 .text.RCC_APB1PeriphClockCmd
                0x08001128       0x1c build/stm32f10x_rcc.o
                0x08001128                RCC_APB1PeriphClockCmd
 .text.RCC_GetFlagStatus
                0x08001144       0x34 build/stm32f10x_rcc.o
                0x08001144                RCC_GetFlagStatus
 .text.RCC_WaitForHSEStartUp
                0x08001178       0x30 build/stm32f10x_rcc.o
                0x08001178                RCC_WaitForHSEStartUp
 .text.USART_Init
                0x080011a8       0xc4 build/stm32f10x_usart.o
                0x080011a8                USART_Init
 .text.USART_Cmd
                0x0800126c       0x1c build/stm32f10x_usart.o
                0x0800126c                USART_Cmd
 .text.USART_ITConfig
                0x08001288       0x36 build/stm32f10x_usart.o
                0x08001288                USART_ITConfig
 .text.USART_ReceiveData
                0x080012be        0x8 build/stm32f10x_usart.o
                0x080012be                USART_ReceiveData
 .text.USART_GetFlagStatus
                0x080012c6        0xe build/stm32f10x_usart.o
                0x080012c6                USART_GetFlagStatus
 .text.USART_GetITStatus
                0x080012d4       0x4a build/stm32f10x_usart.o
                0x080012d4                USART_GetITStatus
 *fill*         0x0800131e        0x2 
 .text.FLASH_SetLatency
                0x08001320       0x14 build/stm32f10x_flash.o
                0x08001320                FLASH_SetLatency
 .text.FLASH_PrefetchBufferCmd
                0x08001334       0x18 build/stm32f10x_flash.o
                0x08001334                FLASH_PrefetchBufferCmd
 .text.RTC_WaitForLastTask
                0x0800134c       0x10 build/stm32f10x_rtc.o
                0x0800134c                RTC_WaitForLastTask
 .text.RTC_GetITStatus
                0x0800135c       0x20 build/stm32f10x_rtc.o
                0x0800135c                RTC_GetITStatus
 .text.RTC_ClearITPendingBit
                0x0800137c       0x14 build/stm32f10x_rtc.o
                0x0800137c                RTC_ClearITPendingBit
 .text.I2C_Init
                0x08001390       0xdc build/stm32f10x_i2c.o
                0x08001390                I2C_Init
 .text.I2C_Cmd  0x0800146c       0x1c build/stm32f10x_i2c.o
                0x0800146c                I2C_Cmd
 .text.I2C_GenerateSTART
                0x08001488       0x1c build/stm32f10x_i2c.o
                0x08001488                I2C_GenerateSTART
 .text.I2C_GenerateSTOP
                0x080014a4       0x1c build/stm32f10x_i2c.o
                0x080014a4                I2C_GenerateSTOP
 .text.I2C_SendData
                0x080014c0        0x4 build/stm32f10x_i2c.o
                0x080014c0                I2C_SendData
 .text.I2C_Send7bitAddress
                0x080014c4       0x12 build/stm32f10x_i2c.o
                0x080014c4                I2C_Send7bitAddress
 .text.I2C_CheckEvent
                0x080014d6       0x1c build/stm32f10x_i2c.o
                0x080014d6                I2C_CheckEvent
 .text.RCC_Configuration
                0x080014f2       0x64 build/sys.o
                0x080014f2                RCC_Configuration
 .text.delay_us
                0x08001556       0x2a build/delay.o
                0x08001556                delay_us
 .text.delay_ms
                0x08001580       0x18 build/delay.o
                0x08001580                delay_ms
 .text._write   0x08001598       0x34 build/usart.o
                0x08001598                _write
 .text.USART1_Init
                0x080015cc       0xa4 build/usart.o
                0x080015cc                USART1_Init
 .text.USART1_IRQHandler
                0x08001670       0x7c build/usart.o
                0x08001670                USART1_IRQHandler
 .text.RTC_IRQHandler
                0x080016ec       0x14 build/rtc.o
                0x080016ec                RTC_IRQHandler
 .text.RTCAlarm_IRQHandler
                0x08001700       0x14 build/rtc.o
                0x08001700                RTCAlarm_IRQHandler
 .text.I2C_GPIO_Init
                0x08001714       0x3c build/i2c.o
                0x08001714                I2C_GPIO_Init
 .text.I2C_Configuration
                0x08001750       0x50 build/i2c.o
                0x08001750                I2C_Configuration
 .text.I2C_SEND_BUFFER
                0x080017a0       0x84 build/i2c.o
                0x080017a0                I2C_SEND_BUFFER
 .text.I2C_SEND_BYTE
                0x08001824       0x74 build/i2c.o
                0x08001824                I2C_SEND_BYTE
 .text.OLED_DISPLAY_ON
                0x08001898       0x2c build/oled0561.o
                0x08001898                OLED_DISPLAY_ON
 .text.OLED_DISPLAY_OFF
                0x080018c4       0x28 build/oled0561.o
                0x080018c4                OLED_DISPLAY_OFF
 .text.OLED_DISPLAY_LIT
                0x080018ec       0x1a build/oled0561.o
                0x080018ec                OLED_DISPLAY_LIT
 .text.OLED_DISPLAY_CLEAR
                0x08001906       0x44 build/oled0561.o
                0x08001906                OLED_DISPLAY_CLEAR
 .text.OLED0561_Init
                0x0800194a       0x10 build/oled0561.o
                0x0800194a                OLED0561_Init
 *fill*         0x0800195a        0x2 
 .text.OLED_DISPLAY_PIC
                0x0800195c       0x54 build/oled0561.o
                0x0800195c                OLED_DISPLAY_PIC
 .text.OLED_DISPLAY_VIDEO
                0x080019b0       0x50 build/oled0561.o
                0x080019b0                OLED_DISPLAY_VIDEO
 .text.Reset_Handler
                0x08001a00       0x48 build/startup_stm32f10x_hd.o
                0x08001a00                Reset_Handler
 .text.Default_Handler
                0x08001a48        0x2 build/startup_stm32f10x_hd.o
                0x08001a48                EXTI2_IRQHandler
                0x08001a48                TIM8_TRG_COM_IRQHandler
                0x08001a48                TIM8_CC_IRQHandler
                0x08001a48                TIM1_CC_IRQHandler
                0x08001a48                TIM6_IRQHandler
                0x08001a48                PVD_IRQHandler
                0x08001a48                SDIO_IRQHandler
                0x08001a48                EXTI3_IRQHandler
                0x08001a48                EXTI0_IRQHandler
                0x08001a48                I2C2_EV_IRQHandler
                0x08001a48                ADC1_2_IRQHandler
                0x08001a48                SPI1_IRQHandler
                0x08001a48                TAMPER_IRQHandler
                0x08001a48                TIM8_UP_IRQHandler
                0x08001a48                DMA2_Channel2_IRQHandler
                0x08001a48                DMA1_Channel4_IRQHandler
                0x08001a48                USART3_IRQHandler
                0x08001a48                DMA1_Channel7_IRQHandler
                0x08001a48                CAN1_RX1_IRQHandler
                0x08001a48                UART5_IRQHandler
                0x08001a48                ADC3_IRQHandler
                0x08001a48                TIM4_IRQHandler
                0x08001a48                DMA2_Channel1_IRQHandler
                0x08001a48                I2C1_EV_IRQHandler
                0x08001a48                DMA1_Channel6_IRQHandler
                0x08001a48                UART4_IRQHandler
                0x08001a48                TIM3_IRQHandler
                0x08001a48                RCC_IRQHandler
                0x08001a48                TIM1_TRG_COM_IRQHandler
                0x08001a48                DMA1_Channel1_IRQHandler
                0x08001a48                Default_Handler
                0x08001a48                EXTI15_10_IRQHandler
                0x08001a48                TIM7_IRQHandler
                0x08001a48                TIM5_IRQHandler
                0x08001a48                EXTI9_5_IRQHandler
                0x08001a48                SPI2_IRQHandler
                0x08001a48                DMA1_Channel5_IRQHandler
                0x08001a48                EXTI4_IRQHandler
                0x08001a48                USB_LP_CAN1_RX0_IRQHandler
                0x08001a48                USB_HP_CAN1_TX_IRQHandler
                0x08001a48                DMA1_Channel3_IRQHandler
                0x08001a48                FSMC_IRQHandler
                0x08001a48                TIM1_UP_IRQHandler
                0x08001a48                WWDG_IRQHandler
                0x08001a48                TIM2_IRQHandler
                0x08001a48                TIM1_BRK_IRQHandler
                0x08001a48                EXTI1_IRQHandler
                0x08001a48                DMA2_Channel4_5_IRQHandler
                0x08001a48                USART2_IRQHandler
                0x08001a48                I2C2_ER_IRQHandler
                0x08001a48                DMA1_Channel2_IRQHandler
                0x08001a48                TIM8_BRK_IRQHandler
                0x08001a48                CAN1_SCE_IRQHandler
                0x08001a48                FLASH_IRQHandler
                0x08001a48                SPI3_IRQHandler
                0x08001a48                I2C1_ER_IRQHandler
                0x08001a48                USBWakeUp_IRQHandler
                0x08001a48                DMA2_Channel3_IRQHandler
 *fill*         0x08001a4a        0x2 
 .text.__libc_init_array
                0x08001a4c       0x48 c:/develop/gcc-arm-none-eabi/bin/../lib/gcc/arm-none-eabi/10.3.1/../../../../arm-none-eabi/lib/thumb/v7-m/nofp\libc_nano.a(lib_a-init.o)
                0x08001a4c                __libc_init_array
 .text.memset   0x08001a94       0x10 c:/develop/gcc-arm-none-eabi/bin/../lib/gcc/arm-none-eabi/10.3.1/../../../../arm-none-eabi/lib/thumb/v7-m/nofp\libc_nano.a(lib_a-memset.o)
                0x08001a94                memset
 .text.__cvt    0x08001aa4       0xbe c:/develop/gcc-arm-none-eabi/bin/../lib/gcc/arm-none-eabi/10.3.1/../../../../arm-none-eabi/lib/thumb/v7-m/nofp\libc_nano.a(lib_a-nano-vfprintf_float.o)
                0x08001aa4                __cvt
 .text.__exponent
                0x08001b62       0x7c c:/develop/gcc-arm-none-eabi/bin/../lib/gcc/arm-none-eabi/10.3.1/../../../../arm-none-eabi/lib/thumb/v7-m/nofp\libc_nano.a(lib_a-nano-vfprintf_float.o)
                0x08001b62                __exponent
 *fill*         0x08001bde        0x2 
 .text._printf_float
                0x08001be0      0x458 c:/develop/gcc-arm-none-eabi/bin/../lib/gcc/arm-none-eabi/10.3.1/../../../../arm-none-eabi/lib/thumb/v7-m/nofp\libc_nano.a(lib_a-nano-vfprintf_float.o)
                0x08001be0                _printf_float
 .text._printf_common
                0x08002038       0xde c:/develop/gcc-arm-none-eabi/bin/../lib/gcc/arm-none-eabi/10.3.1/../../../../arm-none-eabi/lib/thumb/v7-m/nofp\libc_nano.a(lib_a-nano-vfprintf_i.o)
                0x08002038                _printf_common
 *fill*         0x08002116        0x2 
 .text._printf_i
                0x08002118      0x24c c:/develop/gcc-arm-none-eabi/bin/../lib/gcc/arm-none-eabi/10.3.1/../../../../arm-none-eabi/lib/thumb/v7-m/nofp\libc_nano.a(lib_a-nano-vfprintf_i.o)
                0x08002118                _printf_i
 .text._scanf_float
                0x08002364      0x41c c:/develop/gcc-arm-none-eabi/bin/../lib/gcc/arm-none-eabi/10.3.1/../../../../arm-none-eabi/lib/thumb/v7-m/nofp\libc_nano.a(lib_a-nano-vfscanf_float.o)
                0x08002364                _scanf_float
 .text.nanf     0x08002780        0x8 c:/develop/gcc-arm-none-eabi/bin/../lib/gcc/arm-none-eabi/10.3.1/../../../../arm-none-eabi/lib/thumb/v7-m/nofp\libc_nano.a(lib_a-sf_nan.o)
                0x08002780                nanf
 .text.sprintf  0x08002788       0x40 c:/develop/gcc-arm-none-eabi/bin/../lib/gcc/arm-none-eabi/10.3.1/../../../../arm-none-eabi/lib/thumb/v7-m/nofp\libc_nano.a(lib_a-sprintf.o)
                0x08002788                siprintf
                0x08002788                sprintf
 .text.sulp     0x080027c8       0x42 c:/develop/gcc-arm-none-eabi/bin/../lib/gcc/arm-none-eabi/10.3.1/../../../../arm-none-eabi/lib/thumb/v7-m/nofp\libc_nano.a(lib_a-strtod.o)
 *fill*         0x0800280a        0x6 
 .text._strtod_l
                0x08002810      0xbd0 c:/develop/gcc-arm-none-eabi/bin/../lib/gcc/arm-none-eabi/10.3.1/../../../../arm-none-eabi/lib/thumb/v7-m/nofp\libc_nano.a(lib_a-strtod.o)
                0x08002810                _strtod_l
 .text._strtod_r
                0x080033e0        0xc c:/develop/gcc-arm-none-eabi/bin/../lib/gcc/arm-none-eabi/10.3.1/../../../../arm-none-eabi/lib/thumb/v7-m/nofp\libc_nano.a(lib_a-strtod.o)
                0x080033e0                _strtod_r
 .text._strtol_l.constprop.0
                0x080033ec       0xf8 c:/develop/gcc-arm-none-eabi/bin/../lib/gcc/arm-none-eabi/10.3.1/../../../../arm-none-eabi/lib/thumb/v7-m/nofp\libc_nano.a(lib_a-strtol.o)
 .text._strtol_r
                0x080034e4        0x4 c:/develop/gcc-arm-none-eabi/bin/../lib/gcc/arm-none-eabi/10.3.1/../../../../arm-none-eabi/lib/thumb/v7-m/nofp\libc_nano.a(lib_a-strtol.o)
                0x080034e4                _strtol_r
 .text.quorem   0x080034e8      0x118 c:/develop/gcc-arm-none-eabi/bin/../lib/gcc/arm-none-eabi/10.3.1/../../../../arm-none-eabi/lib/thumb/v7-m/nofp\libc_nano.a(lib_a-dtoa.o)
 .text._dtoa_r  0x08003600      0xbdc c:/develop/gcc-arm-none-eabi/bin/../lib/gcc/arm-none-eabi/10.3.1/../../../../arm-none-eabi/lib/thumb/v7-m/nofp\libc_nano.a(lib_a-dtoa.o)
                0x08003600                _dtoa_r
 .text.__errno  0x080041dc        0xc c:/develop/gcc-arm-none-eabi/bin/../lib/gcc/arm-none-eabi/10.3.1/../../../../arm-none-eabi/lib/thumb/v7-m/nofp\libc_nano.a(lib_a-errno.o)
                0x080041dc                __errno
 .text.rshift   0x080041e8       0xa6 c:/develop/gcc-arm-none-eabi/bin/../lib/gcc/arm-none-eabi/10.3.1/../../../../arm-none-eabi/lib/thumb/v7-m/nofp\libc_nano.a(lib_a-gdtoa-gethex.o)
 .text.__hexdig_fun
                0x0800428e       0x2a c:/develop/gcc-arm-none-eabi/bin/../lib/gcc/arm-none-eabi/10.3.1/../../../../arm-none-eabi/lib/thumb/v7-m/nofp\libc_nano.a(lib_a-gdtoa-gethex.o)
                0x0800428e                __hexdig_fun
 .text.__gethex
                0x080042b8      0x478 c:/develop/gcc-arm-none-eabi/bin/../lib/gcc/arm-none-eabi/10.3.1/../../../../arm-none-eabi/lib/thumb/v7-m/nofp\libc_nano.a(lib_a-gdtoa-gethex.o)
                0x080042b8                __gethex
 .text.L_shift  0x08004730       0x24 c:/develop/gcc-arm-none-eabi/bin/../lib/gcc/arm-none-eabi/10.3.1/../../../../arm-none-eabi/lib/thumb/v7-m/nofp\libc_nano.a(lib_a-gdtoa-hexnan.o)
 .text.__match  0x08004754       0x28 c:/develop/gcc-arm-none-eabi/bin/../lib/gcc/arm-none-eabi/10.3.1/../../../../arm-none-eabi/lib/thumb/v7-m/nofp\libc_nano.a(lib_a-gdtoa-hexnan.o)
                0x08004754                __match
 .text.__hexnan
                0x0800477c      0x138 c:/develop/gcc-arm-none-eabi/bin/../lib/gcc/arm-none-eabi/10.3.1/../../../../arm-none-eabi/lib/thumb/v7-m/nofp\libc_nano.a(lib_a-gdtoa-hexnan.o)
                0x0800477c                __hexnan
 .text._localeconv_r
                0x080048b4        0x8 c:/develop/gcc-arm-none-eabi/bin/../lib/gcc/arm-none-eabi/10.3.1/../../../../arm-none-eabi/lib/thumb/v7-m/nofp\libc_nano.a(lib_a-localeconv.o)
                0x080048b4                _localeconv_r
 .text.malloc   0x080048bc       0x10 c:/develop/gcc-arm-none-eabi/bin/../lib/gcc/arm-none-eabi/10.3.1/../../../../arm-none-eabi/lib/thumb/v7-m/nofp\libc_nano.a(lib_a-malloc.o)
                0x080048bc                malloc
 .text.__ascii_mbtowc
                0x080048cc       0x24 c:/develop/gcc-arm-none-eabi/bin/../lib/gcc/arm-none-eabi/10.3.1/../../../../arm-none-eabi/lib/thumb/v7-m/nofp\libc_nano.a(lib_a-mbtowc_r.o)
                0x080048cc                __ascii_mbtowc
 .text.memchr   0x080048f0       0x1c c:/develop/gcc-arm-none-eabi/bin/../lib/gcc/arm-none-eabi/10.3.1/../../../../arm-none-eabi/lib/thumb/v7-m/nofp\libc_nano.a(lib_a-memchr-stub.o)
                0x080048f0                memchr
 .text.memcpy   0x0800490c       0x1c c:/develop/gcc-arm-none-eabi/bin/../lib/gcc/arm-none-eabi/10.3.1/../../../../arm-none-eabi/lib/thumb/v7-m/nofp\libc_nano.a(lib_a-memcpy-stub.o)
                0x0800490c                memcpy
 .text._Balloc  0x08004928       0x80 c:/develop/gcc-arm-none-eabi/bin/../lib/gcc/arm-none-eabi/10.3.1/../../../../arm-none-eabi/lib/thumb/v7-m/nofp\libc_nano.a(lib_a-mprec.o)
                0x08004928                _Balloc
 .text._Bfree   0x080049a8       0x44 c:/develop/gcc-arm-none-eabi/bin/../lib/gcc/arm-none-eabi/10.3.1/../../../../arm-none-eabi/lib/thumb/v7-m/nofp\libc_nano.a(lib_a-mprec.o)
                0x080049a8                _Bfree
 .text.__multadd
                0x080049ec       0x8c c:/develop/gcc-arm-none-eabi/bin/../lib/gcc/arm-none-eabi/10.3.1/../../../../arm-none-eabi/lib/thumb/v7-m/nofp\libc_nano.a(lib_a-mprec.o)
                0x080049ec                __multadd
 .text.__s2b    0x08004a78       0x94 c:/develop/gcc-arm-none-eabi/bin/../lib/gcc/arm-none-eabi/10.3.1/../../../../arm-none-eabi/lib/thumb/v7-m/nofp\libc_nano.a(lib_a-mprec.o)
                0x08004a78                __s2b
 .text.__hi0bits
                0x08004b0c       0x40 c:/develop/gcc-arm-none-eabi/bin/../lib/gcc/arm-none-eabi/10.3.1/../../../../arm-none-eabi/lib/thumb/v7-m/nofp\libc_nano.a(lib_a-mprec.o)
                0x08004b0c                __hi0bits
 .text.__lo0bits
                0x08004b4c       0x5a c:/develop/gcc-arm-none-eabi/bin/../lib/gcc/arm-none-eabi/10.3.1/../../../../arm-none-eabi/lib/thumb/v7-m/nofp\libc_nano.a(lib_a-mprec.o)
                0x08004b4c                __lo0bits
 *fill*         0x08004ba6        0x2 
 .text.__i2b    0x08004ba8       0x2c c:/develop/gcc-arm-none-eabi/bin/../lib/gcc/arm-none-eabi/10.3.1/../../../../arm-none-eabi/lib/thumb/v7-m/nofp\libc_nano.a(lib_a-mprec.o)
                0x08004ba8                __i2b
 .text.__multiply
                0x08004bd4      0x150 c:/develop/gcc-arm-none-eabi/bin/../lib/gcc/arm-none-eabi/10.3.1/../../../../arm-none-eabi/lib/thumb/v7-m/nofp\libc_nano.a(lib_a-mprec.o)
                0x08004bd4                __multiply
 .text.__pow5mult
                0x08004d24       0xb4 c:/develop/gcc-arm-none-eabi/bin/../lib/gcc/arm-none-eabi/10.3.1/../../../../arm-none-eabi/lib/thumb/v7-m/nofp\libc_nano.a(lib_a-mprec.o)
                0x08004d24                __pow5mult
 .text.__lshift
                0x08004dd8       0xe0 c:/develop/gcc-arm-none-eabi/bin/../lib/gcc/arm-none-eabi/10.3.1/../../../../arm-none-eabi/lib/thumb/v7-m/nofp\libc_nano.a(lib_a-mprec.o)
                0x08004dd8                __lshift
 .text.__mcmp   0x08004eb8       0x36 c:/develop/gcc-arm-none-eabi/bin/../lib/gcc/arm-none-eabi/10.3.1/../../../../arm-none-eabi/lib/thumb/v7-m/nofp\libc_nano.a(lib_a-mprec.o)
                0x08004eb8                __mcmp
 *fill*         0x08004eee        0x2 
 .text.__mdiff  0x08004ef0      0x118 c:/develop/gcc-arm-none-eabi/bin/../lib/gcc/arm-none-eabi/10.3.1/../../../../arm-none-eabi/lib/thumb/v7-m/nofp\libc_nano.a(lib_a-mprec.o)
                0x08004ef0                __mdiff
 .text.__ulp    0x08005008       0x4c c:/develop/gcc-arm-none-eabi/bin/../lib/gcc/arm-none-eabi/10.3.1/../../../../arm-none-eabi/lib/thumb/v7-m/nofp\libc_nano.a(lib_a-mprec.o)
                0x08005008                __ulp
 .text.__b2d    0x08005054       0xa8 c:/develop/gcc-arm-none-eabi/bin/../lib/gcc/arm-none-eabi/10.3.1/../../../../arm-none-eabi/lib/thumb/v7-m/nofp\libc_nano.a(lib_a-mprec.o)
                0x08005054                __b2d
 .text.__d2b    0x080050fc       0xb8 c:/develop/gcc-arm-none-eabi/bin/../lib/gcc/arm-none-eabi/10.3.1/../../../../arm-none-eabi/lib/thumb/v7-m/nofp\libc_nano.a(lib_a-mprec.o)
                0x080050fc                __d2b
 .text.__ratio  0x080051b4       0x5c c:/develop/gcc-arm-none-eabi/bin/../lib/gcc/arm-none-eabi/10.3.1/../../../../arm-none-eabi/lib/thumb/v7-m/nofp\libc_nano.a(lib_a-mprec.o)
                0x080051b4                __ratio
 .text.__copybits
                0x08005210       0x46 c:/develop/gcc-arm-none-eabi/bin/../lib/gcc/arm-none-eabi/10.3.1/../../../../arm-none-eabi/lib/thumb/v7-m/nofp\libc_nano.a(lib_a-mprec.o)
                0x08005210                __copybits
 .text.__any_on
                0x08005256       0x42 c:/develop/gcc-arm-none-eabi/bin/../lib/gcc/arm-none-eabi/10.3.1/../../../../arm-none-eabi/lib/thumb/v7-m/nofp\libc_nano.a(lib_a-mprec.o)
                0x08005256                __any_on
 .text._calloc_r
                0x08005298       0x28 c:/develop/gcc-arm-none-eabi/bin/../lib/gcc/arm-none-eabi/10.3.1/../../../../arm-none-eabi/lib/thumb/v7-m/nofp\libc_nano.a(lib_a-nano-callocr.o)
                0x08005298                _calloc_r
 .text._free_r  0x080052c0       0x90 c:/develop/gcc-arm-none-eabi/bin/../lib/gcc/arm-none-eabi/10.3.1/../../../../arm-none-eabi/lib/thumb/v7-m/nofp\libc_nano.a(lib_a-nano-freer.o)
                0x080052c0                _free_r
 .text.sbrk_aligned
                0x08005350       0x40 c:/develop/gcc-arm-none-eabi/bin/../lib/gcc/arm-none-eabi/10.3.1/../../../../arm-none-eabi/lib/thumb/v7-m/nofp\libc_nano.a(lib_a-nano-mallocr.o)
 .text._malloc_r
                0x08005390       0xe8 c:/develop/gcc-arm-none-eabi/bin/../lib/gcc/arm-none-eabi/10.3.1/../../../../arm-none-eabi/lib/thumb/v7-m/nofp\libc_nano.a(lib_a-nano-mallocr.o)
                0x08005390                _malloc_r
 .text.__ssputs_r
                0x08005478       0xb6 c:/develop/gcc-arm-none-eabi/bin/../lib/gcc/arm-none-eabi/10.3.1/../../../../arm-none-eabi/lib/thumb/v7-m/nofp\libc_nano.a(lib_a-nano-svfprintf.o)
                0x08005478                __ssputs_r
 *fill*         0x0800552e        0x2 
 .text._svfprintf_r
                0x08005530      0x200 c:/develop/gcc-arm-none-eabi/bin/../lib/gcc/arm-none-eabi/10.3.1/../../../../arm-none-eabi/lib/thumb/v7-m/nofp\libc_nano.a(lib_a-nano-svfprintf.o)
                0x08005530                _svfiprintf_r
                0x08005530                _svfprintf_r
 .text.nan      0x08005730        0xc c:/develop/gcc-arm-none-eabi/bin/../lib/gcc/arm-none-eabi/10.3.1/../../../../arm-none-eabi/lib/thumb/v7-m/nofp\libc_nano.a(lib_a-s_nan.o)
                0x08005730                nan
 .text._sbrk_r  0x0800573c       0x20 c:/develop/gcc-arm-none-eabi/bin/../lib/gcc/arm-none-eabi/10.3.1/../../../../arm-none-eabi/lib/thumb/v7-m/nofp\libc_nano.a(lib_a-sbrkr.o)
                0x0800573c                _sbrk_r
 .text.strncmp  0x0800575c       0x28 c:/develop/gcc-arm-none-eabi/bin/../lib/gcc/arm-none-eabi/10.3.1/../../../../arm-none-eabi/lib/thumb/v7-m/nofp\libc_nano.a(lib_a-strncmp.o)
                0x0800575c                strncmp
 .text.__ascii_wctomb
                0x08005784       0x1a c:/develop/gcc-arm-none-eabi/bin/../lib/gcc/arm-none-eabi/10.3.1/../../../../arm-none-eabi/lib/thumb/v7-m/nofp\libc_nano.a(lib_a-wctomb_r.o)
                0x08005784                __ascii_wctomb
 *fill*         0x0800579e        0x2 
 .text.__assert_func
                0x080057a0       0x3c c:/develop/gcc-arm-none-eabi/bin/../lib/gcc/arm-none-eabi/10.3.1/../../../../arm-none-eabi/lib/thumb/v7-m/nofp\libc_nano.a(lib_a-assert.o)
                0x080057a0                __assert_func
 .text.fprintf  0x080057dc       0x24 c:/develop/gcc-arm-none-eabi/bin/../lib/gcc/arm-none-eabi/10.3.1/../../../../arm-none-eabi/lib/thumb/v7-m/nofp\libc_nano.a(lib_a-fprintf.o)
                0x080057dc                fiprintf
                0x080057dc                fprintf
 .text.memmove  0x08005800       0x34 c:/develop/gcc-arm-none-eabi/bin/../lib/gcc/arm-none-eabi/10.3.1/../../../../arm-none-eabi/lib/thumb/v7-m/nofp\libc_nano.a(lib_a-memmove.o)
                0x08005800                memmove
 .text.__malloc_lock
                0x08005834        0xc c:/develop/gcc-arm-none-eabi/bin/../lib/gcc/arm-none-eabi/10.3.1/../../../../arm-none-eabi/lib/thumb/v7-m/nofp\libc_nano.a(lib_a-mlock.o)
                0x08005834                __malloc_lock
 .text.__malloc_unlock
                0x08005840        0xc c:/develop/gcc-arm-none-eabi/bin/../lib/gcc/arm-none-eabi/10.3.1/../../../../arm-none-eabi/lib/thumb/v7-m/nofp\libc_nano.a(lib_a-mlock.o)
                0x08005840                __malloc_unlock
 .text._realloc_r
                0x0800584c       0x5e c:/develop/gcc-arm-none-eabi/bin/../lib/gcc/arm-none-eabi/10.3.1/../../../../arm-none-eabi/lib/thumb/v7-m/nofp\libc_nano.a(lib_a-nano-reallocr.o)
                0x0800584c                _realloc_r
 .text.__sfputc_r
                0x080058aa       0x2a c:/develop/gcc-arm-none-eabi/bin/../lib/gcc/arm-none-eabi/10.3.1/../../../../arm-none-eabi/lib/thumb/v7-m/nofp\libc_nano.a(lib_a-nano-vfprintf.o)
 .text.__sfputs_r
                0x080058d4       0x24 c:/develop/gcc-arm-none-eabi/bin/../lib/gcc/arm-none-eabi/10.3.1/../../../../arm-none-eabi/lib/thumb/v7-m/nofp\libc_nano.a(lib_a-nano-vfprintf.o)
                0x080058d4                __sfputs_r
 .text._vfprintf_r
                0x080058f8      0x260 c:/develop/gcc-arm-none-eabi/bin/../lib/gcc/arm-none-eabi/10.3.1/../../../../arm-none-eabi/lib/thumb/v7-m/nofp\libc_nano.a(lib_a-nano-vfprintf.o)
                0x080058f8                _vfprintf_r
                0x080058f8                _vfiprintf_r
 .text.__swbuf_r
                0x08005b58       0xa4 c:/develop/gcc-arm-none-eabi/bin/../lib/gcc/arm-none-eabi/10.3.1/../../../../arm-none-eabi/lib/thumb/v7-m/nofp\libc_nano.a(lib_a-wbuf.o)
                0x08005b58                __swbuf_r
 .text.__swsetup_r
                0x08005bfc       0xdc c:/develop/gcc-arm-none-eabi/bin/../lib/gcc/arm-none-eabi/10.3.1/../../../../arm-none-eabi/lib/thumb/v7-m/nofp\libc_nano.a(lib_a-wsetup.o)
                0x08005bfc                __swsetup_r
 .text.abort    0x08005cd8        0xe c:/develop/gcc-arm-none-eabi/bin/../lib/gcc/arm-none-eabi/10.3.1/../../../../arm-none-eabi/lib/thumb/v7-m/nofp\libc_nano.a(lib_a-abort.o)
                0x08005cd8                abort
 *fill*         0x08005ce6        0x2 
 .text.__sflush_r
                0x08005ce8      0x104 c:/develop/gcc-arm-none-eabi/bin/../lib/gcc/arm-none-eabi/10.3.1/../../../../arm-none-eabi/lib/thumb/v7-m/nofp\libc_nano.a(lib_a-fflush.o)
                0x08005ce8                __sflush_r
 .text._fflush_r
                0x08005dec       0x78 c:/develop/gcc-arm-none-eabi/bin/../lib/gcc/arm-none-eabi/10.3.1/../../../../arm-none-eabi/lib/thumb/v7-m/nofp\libc_nano.a(lib_a-fflush.o)
                0x08005dec                _fflush_r
 .text.std      0x08005e64       0x48 c:/develop/gcc-arm-none-eabi/bin/../lib/gcc/arm-none-eabi/10.3.1/../../../../arm-none-eabi/lib/thumb/v7-m/nofp\libc_nano.a(lib_a-findfp.o)
 .text._cleanup_r
                0x08005eac        0xc c:/develop/gcc-arm-none-eabi/bin/../lib/gcc/arm-none-eabi/10.3.1/../../../../arm-none-eabi/lib/thumb/v7-m/nofp\libc_nano.a(lib_a-findfp.o)
                0x08005eac                _cleanup_r
 .text.__sfmoreglue
                0x08005eb8       0x2c c:/develop/gcc-arm-none-eabi/bin/../lib/gcc/arm-none-eabi/10.3.1/../../../../arm-none-eabi/lib/thumb/v7-m/nofp\libc_nano.a(lib_a-findfp.o)
                0x08005eb8                __sfmoreglue
 .text.__sfp_lock_acquire
                0x08005ee4        0xc c:/develop/gcc-arm-none-eabi/bin/../lib/gcc/arm-none-eabi/10.3.1/../../../../arm-none-eabi/lib/thumb/v7-m/nofp\libc_nano.a(lib_a-findfp.o)
                0x08005ee4                __sfp_lock_acquire
 .text.__sfp_lock_release
                0x08005ef0        0xc c:/develop/gcc-arm-none-eabi/bin/../lib/gcc/arm-none-eabi/10.3.1/../../../../arm-none-eabi/lib/thumb/v7-m/nofp\libc_nano.a(lib_a-findfp.o)
                0x08005ef0                __sfp_lock_release
 .text.__sinit_lock_acquire
                0x08005efc        0xc c:/develop/gcc-arm-none-eabi/bin/../lib/gcc/arm-none-eabi/10.3.1/../../../../arm-none-eabi/lib/thumb/v7-m/nofp\libc_nano.a(lib_a-findfp.o)
                0x08005efc                __sinit_lock_acquire
 .text.__sinit_lock_release
                0x08005f08        0xc c:/develop/gcc-arm-none-eabi/bin/../lib/gcc/arm-none-eabi/10.3.1/../../../../arm-none-eabi/lib/thumb/v7-m/nofp\libc_nano.a(lib_a-findfp.o)
                0x08005f08                __sinit_lock_release
 .text.__sinit  0x08005f14       0x70 c:/develop/gcc-arm-none-eabi/bin/../lib/gcc/arm-none-eabi/10.3.1/../../../../arm-none-eabi/lib/thumb/v7-m/nofp\libc_nano.a(lib_a-findfp.o)
                0x08005f14                __sinit
 .text.__sfp    0x08005f84       0x8c c:/develop/gcc-arm-none-eabi/bin/../lib/gcc/arm-none-eabi/10.3.1/../../../../arm-none-eabi/lib/thumb/v7-m/nofp\libc_nano.a(lib_a-findfp.o)
                0x08005f84                __sfp
 .text._fwalk_reent
                0x08006010       0x3e c:/develop/gcc-arm-none-eabi/bin/../lib/gcc/arm-none-eabi/10.3.1/../../../../arm-none-eabi/lib/thumb/v7-m/nofp\libc_nano.a(lib_a-fwalk.o)
                0x08006010                _fwalk_reent
 .text.__retarget_lock_init_recursive
                0x0800604e        0x2 c:/develop/gcc-arm-none-eabi/bin/../lib/gcc/arm-none-eabi/10.3.1/../../../../arm-none-eabi/lib/thumb/v7-m/nofp\libc_nano.a(lib_a-lock.o)
                0x0800604e                __retarget_lock_init_recursive
 .text.__retarget_lock_acquire_recursive
                0x08006050        0x2 c:/develop/gcc-arm-none-eabi/bin/../lib/gcc/arm-none-eabi/10.3.1/../../../../arm-none-eabi/lib/thumb/v7-m/nofp\libc_nano.a(lib_a-lock.o)
                0x08006050                __retarget_lock_acquire_recursive
 .text.__retarget_lock_release_recursive
                0x08006052        0x2 c:/develop/gcc-arm-none-eabi/bin/../lib/gcc/arm-none-eabi/10.3.1/../../../../arm-none-eabi/lib/thumb/v7-m/nofp\libc_nano.a(lib_a-lock.o)
                0x08006052                __retarget_lock_release_recursive
 .text.__swhatbuf_r
                0x08006054       0x4a c:/develop/gcc-arm-none-eabi/bin/../lib/gcc/arm-none-eabi/10.3.1/../../../../arm-none-eabi/lib/thumb/v7-m/nofp\libc_nano.a(lib_a-makebuf.o)
                0x08006054                __swhatbuf_r
 *fill*         0x0800609e        0x2 
 .text.__smakebuf_r
                0x080060a0       0x80 c:/develop/gcc-arm-none-eabi/bin/../lib/gcc/arm-none-eabi/10.3.1/../../../../arm-none-eabi/lib/thumb/v7-m/nofp\libc_nano.a(lib_a-makebuf.o)
                0x080060a0                __smakebuf_r
 .text._malloc_usable_size_r
                0x08006120       0x10 c:/develop/gcc-arm-none-eabi/bin/../lib/gcc/arm-none-eabi/10.3.1/../../../../arm-none-eabi/lib/thumb/v7-m/nofp\libc_nano.a(lib_a-nano-msizer.o)
                0x08006120                _malloc_usable_size_r
 .text._raise_r
                0x08006130       0x50 c:/develop/gcc-arm-none-eabi/bin/../lib/gcc/arm-none-eabi/10.3.1/../../../../arm-none-eabi/lib/thumb/v7-m/nofp\libc_nano.a(lib_a-signal.o)
                0x08006130                _raise_r
 .text.raise    0x08006180       0x10 c:/develop/gcc-arm-none-eabi/bin/../lib/gcc/arm-none-eabi/10.3.1/../../../../arm-none-eabi/lib/thumb/v7-m/nofp\libc_nano.a(lib_a-signal.o)
                0x08006180                raise
 .text._kill_r  0x08006190       0x24 c:/develop/gcc-arm-none-eabi/bin/../lib/gcc/arm-none-eabi/10.3.1/../../../../arm-none-eabi/lib/thumb/v7-m/nofp\libc_nano.a(lib_a-signalr.o)
                0x08006190                _kill_r
 .text._getpid_r
                0x080061b4        0x4 c:/develop/gcc-arm-none-eabi/bin/../lib/gcc/arm-none-eabi/10.3.1/../../../../arm-none-eabi/lib/thumb/v7-m/nofp\libc_nano.a(lib_a-signalr.o)
                0x080061b4                _getpid_r
 .text.__sread  0x080061b8       0x22 c:/develop/gcc-arm-none-eabi/bin/../lib/gcc/arm-none-eabi/10.3.1/../../../../arm-none-eabi/lib/thumb/v7-m/nofp\libc_nano.a(lib_a-stdio.o)
                0x080061b8                __sread
 .text.__swrite
                0x080061da       0x38 c:/develop/gcc-arm-none-eabi/bin/../lib/gcc/arm-none-eabi/10.3.1/../../../../arm-none-eabi/lib/thumb/v7-m/nofp\libc_nano.a(lib_a-stdio.o)
                0x080061da                __swrite
 .text.__sseek  0x08006212       0x24 c:/develop/gcc-arm-none-eabi/bin/../lib/gcc/arm-none-eabi/10.3.1/../../../../arm-none-eabi/lib/thumb/v7-m/nofp\libc_nano.a(lib_a-stdio.o)
                0x08006212                __sseek
 .text.__sclose
                0x08006236        0x8 c:/develop/gcc-arm-none-eabi/bin/../lib/gcc/arm-none-eabi/10.3.1/../../../../arm-none-eabi/lib/thumb/v7-m/nofp\libc_nano.a(lib_a-stdio.o)
                0x08006236                __sclose
 *fill*         0x0800623e        0x2 
 .text._write_r
                0x08006240       0x24 c:/develop/gcc-arm-none-eabi/bin/../lib/gcc/arm-none-eabi/10.3.1/../../../../arm-none-eabi/lib/thumb/v7-m/nofp\libc_nano.a(lib_a-writer.o)
                0x08006240                _write_r
 .text._close_r
                0x08006264       0x20 c:/develop/gcc-arm-none-eabi/bin/../lib/gcc/arm-none-eabi/10.3.1/../../../../arm-none-eabi/lib/thumb/v7-m/nofp\libc_nano.a(lib_a-closer.o)
                0x08006264                _close_r
 .text._fstat_r
                0x08006284       0x24 c:/develop/gcc-arm-none-eabi/bin/../lib/gcc/arm-none-eabi/10.3.1/../../../../arm-none-eabi/lib/thumb/v7-m/nofp\libc_nano.a(lib_a-fstatr.o)
                0x08006284                _fstat_r
 .text._isatty_r
                0x080062a8       0x20 c:/develop/gcc-arm-none-eabi/bin/../lib/gcc/arm-none-eabi/10.3.1/../../../../arm-none-eabi/lib/thumb/v7-m/nofp\libc_nano.a(lib_a-isattyr.o)
                0x080062a8                _isatty_r
 .text._lseek_r
                0x080062c8       0x24 c:/develop/gcc-arm-none-eabi/bin/../lib/gcc/arm-none-eabi/10.3.1/../../../../arm-none-eabi/lib/thumb/v7-m/nofp\libc_nano.a(lib_a-lseekr.o)
                0x080062c8                _lseek_r
 .text._read_r  0x080062ec       0x24 c:/develop/gcc-arm-none-eabi/bin/../lib/gcc/arm-none-eabi/10.3.1/../../../../arm-none-eabi/lib/thumb/v7-m/nofp\libc_nano.a(lib_a-readr.o)
                0x080062ec                _read_r
 .text._close   0x08006310       0x10 c:/develop/gcc-arm-none-eabi/bin/../lib/gcc/arm-none-eabi/10.3.1/../../../../arm-none-eabi/lib/thumb/v7-m/nofp\libnosys.a(close.o)
                0x08006310                _close
 .text._fstat   0x08006320       0x10 c:/develop/gcc-arm-none-eabi/bin/../lib/gcc/arm-none-eabi/10.3.1/../../../../arm-none-eabi/lib/thumb/v7-m/nofp\libnosys.a(fstat.o)
                0x08006320                _fstat
 .text._getpid  0x08006330       0x10 c:/develop/gcc-arm-none-eabi/bin/../lib/gcc/arm-none-eabi/10.3.1/../../../../arm-none-eabi/lib/thumb/v7-m/nofp\libnosys.a(getpid.o)
                0x08006330                _getpid
 .text._isatty  0x08006340       0x10 c:/develop/gcc-arm-none-eabi/bin/../lib/gcc/arm-none-eabi/10.3.1/../../../../arm-none-eabi/lib/thumb/v7-m/nofp\libnosys.a(isatty.o)
                0x08006340                _isatty
 .text._kill    0x08006350       0x10 c:/develop/gcc-arm-none-eabi/bin/../lib/gcc/arm-none-eabi/10.3.1/../../../../arm-none-eabi/lib/thumb/v7-m/nofp\libnosys.a(kill.o)
                0x08006350                _kill
 .text._lseek   0x08006360       0x10 c:/develop/gcc-arm-none-eabi/bin/../lib/gcc/arm-none-eabi/10.3.1/../../../../arm-none-eabi/lib/thumb/v7-m/nofp\libnosys.a(lseek.o)
                0x08006360                _lseek
 .text._read    0x08006370       0x10 c:/develop/gcc-arm-none-eabi/bin/../lib/gcc/arm-none-eabi/10.3.1/../../../../arm-none-eabi/lib/thumb/v7-m/nofp\libnosys.a(read.o)
                0x08006370                _read
 .text._sbrk    0x08006380       0x1c c:/develop/gcc-arm-none-eabi/bin/../lib/gcc/arm-none-eabi/10.3.1/../../../../arm-none-eabi/lib/thumb/v7-m/nofp\libnosys.a(sbrk.o)
                0x08006380                _sbrk
 .text._exit    0x0800639c        0x4 c:/develop/gcc-arm-none-eabi/bin/../lib/gcc/arm-none-eabi/10.3.1/../../../../arm-none-eabi/lib/thumb/v7-m/nofp\libnosys.a(_exit.o)
                0x0800639c                _exit
 *(.rodata)
 .rodata        0x080063a0       0x1c build/oled0561.o
 *(.rodata*)
 .rodata.OLED_DISPLAY_OFF.str1.4
                0x080063bc        0x4 build/oled0561.o
 .rodata._global_impure_ptr
                0x080063c0        0x4 c:/develop/gcc-arm-none-eabi/bin/../lib/gcc/arm-none-eabi/10.3.1/../../../../arm-none-eabi/lib/thumb/v7-m/nofp\libc_nano.a(lib_a-impure.o)
                0x080063c0                _global_impure_ptr
 .rodata._printf_float.str1.1
                0x080063c4       0x12 c:/develop/gcc-arm-none-eabi/bin/../lib/gcc/arm-none-eabi/10.3.1/../../../../arm-none-eabi/lib/thumb/v7-m/nofp\libc_nano.a(lib_a-nano-vfprintf_float.o)
 .rodata._printf_i.str1.1
                0x080063d6       0x22 c:/develop/gcc-arm-none-eabi/bin/../lib/gcc/arm-none-eabi/10.3.1/../../../../arm-none-eabi/lib/thumb/v7-m/nofp\libc_nano.a(lib_a-nano-vfprintf_i.o)
 .rodata._scanf_float.str1.1
                0x080063f8        0x5 c:/develop/gcc-arm-none-eabi/bin/../lib/gcc/arm-none-eabi/10.3.1/../../../../arm-none-eabi/lib/thumb/v7-m/nofp\libc_nano.a(lib_a-nano-vfscanf_float.o)
                                  0x6 (size before relaxing)
 .rodata._strtod_l.str1.1
                0x080063fd        0x5 c:/develop/gcc-arm-none-eabi/bin/../lib/gcc/arm-none-eabi/10.3.1/../../../../arm-none-eabi/lib/thumb/v7-m/nofp\libc_nano.a(lib_a-strtod.o)
                                  0xd (size before relaxing)
 *fill*         0x080063fd        0x3 
 .rodata.fpi.1  0x08006400       0x14 c:/develop/gcc-arm-none-eabi/bin/../lib/gcc/arm-none-eabi/10.3.1/../../../../arm-none-eabi/lib/thumb/v7-m/nofp\libc_nano.a(lib_a-strtod.o)
 .rodata.fpinan.0
                0x08006414       0x14 c:/develop/gcc-arm-none-eabi/bin/../lib/gcc/arm-none-eabi/10.3.1/../../../../arm-none-eabi/lib/thumb/v7-m/nofp\libc_nano.a(lib_a-strtod.o)
 .rodata.tinytens
                0x08006428       0x28 c:/develop/gcc-arm-none-eabi/bin/../lib/gcc/arm-none-eabi/10.3.1/../../../../arm-none-eabi/lib/thumb/v7-m/nofp\libc_nano.a(lib_a-strtod.o)
 .rodata._ctype_
                0x08006450      0x101 c:/develop/gcc-arm-none-eabi/bin/../lib/gcc/arm-none-eabi/10.3.1/../../../../arm-none-eabi/lib/thumb/v7-m/nofp\libc_nano.a(lib_a-ctype_.o)
                0x08006450                _ctype_
 .rodata._dtoa_r.str1.1
                0x08006551       0xb3 c:/develop/gcc-arm-none-eabi/bin/../lib/gcc/arm-none-eabi/10.3.1/../../../../arm-none-eabi/lib/thumb/v7-m/nofp\libc_nano.a(lib_a-dtoa.o)
                                 0xb5 (size before relaxing)
 .rodata.__gethex.str1.1
                0x08006604       0x86 c:/develop/gcc-arm-none-eabi/bin/../lib/gcc/arm-none-eabi/10.3.1/../../../../arm-none-eabi/lib/thumb/v7-m/nofp\libc_nano.a(lib_a-gdtoa-gethex.o)
                                 0x97 (size before relaxing)
 .rodata.str1.1
                0x0800668a        0x2 c:/develop/gcc-arm-none-eabi/bin/../lib/gcc/arm-none-eabi/10.3.1/../../../../arm-none-eabi/lib/thumb/v7-m/nofp\libc_nano.a(lib_a-lnumeric.o)
                                  0x3 (size before relaxing)
 .rodata._C_numeric_locale
                0x0800668c        0xc c:/develop/gcc-arm-none-eabi/bin/../lib/gcc/arm-none-eabi/10.3.1/../../../../arm-none-eabi/lib/thumb/v7-m/nofp\libc_nano.a(lib_a-lnumeric.o)
                0x0800668c                _C_numeric_locale
 .rodata._setlocale_r.str1.1
                0x08006698        0x8 c:/develop/gcc-arm-none-eabi/bin/../lib/gcc/arm-none-eabi/10.3.1/../../../../arm-none-eabi/lib/thumb/v7-m/nofp\libc_nano.a(lib_a-locale.o)
                                  0x9 (size before relaxing)
 .rodata.str1.1
                0x080066a0        0x2 c:/develop/gcc-arm-none-eabi/bin/../lib/gcc/arm-none-eabi/10.3.1/../../../../arm-none-eabi/lib/thumb/v7-m/nofp\libc_nano.a(lib_a-locale.o)
 .rodata._Balloc.str1.1
                0x080066a0       0x7f c:/develop/gcc-arm-none-eabi/bin/../lib/gcc/arm-none-eabi/10.3.1/../../../../arm-none-eabi/lib/thumb/v7-m/nofp\libc_nano.a(lib_a-mprec.o)
                                 0x96 (size before relaxing)
 .rodata.__multadd.str1.1
                0x0800671f       0x11 c:/develop/gcc-arm-none-eabi/bin/../lib/gcc/arm-none-eabi/10.3.1/../../../../arm-none-eabi/lib/thumb/v7-m/nofp\libc_nano.a(lib_a-mprec.o)
 *fill*         0x0800671f        0x1 
 .rodata.__mprec_bigtens
                0x08006720       0x28 c:/develop/gcc-arm-none-eabi/bin/../lib/gcc/arm-none-eabi/10.3.1/../../../../arm-none-eabi/lib/thumb/v7-m/nofp\libc_nano.a(lib_a-mprec.o)
                0x08006720                __mprec_bigtens
 .rodata.__mprec_tens
                0x08006748       0xc8 c:/develop/gcc-arm-none-eabi/bin/../lib/gcc/arm-none-eabi/10.3.1/../../../../arm-none-eabi/lib/thumb/v7-m/nofp\libc_nano.a(lib_a-mprec.o)
                0x08006748                __mprec_tens
 .rodata.p05.0  0x08006810        0xc c:/develop/gcc-arm-none-eabi/bin/../lib/gcc/arm-none-eabi/10.3.1/../../../../arm-none-eabi/lib/thumb/v7-m/nofp\libc_nano.a(lib_a-mprec.o)
 .rodata._svfprintf_r.str1.1
                0x0800681c       0x11 c:/develop/gcc-arm-none-eabi/bin/../lib/gcc/arm-none-eabi/10.3.1/../../../../arm-none-eabi/lib/thumb/v7-m/nofp\libc_nano.a(lib_a-nano-svfprintf.o)
 .rodata.__assert_func.str1.1
                0x0800682d       0x3c c:/develop/gcc-arm-none-eabi/bin/../lib/gcc/arm-none-eabi/10.3.1/../../../../arm-none-eabi/lib/thumb/v7-m/nofp\libc_nano.a(lib_a-assert.o)
                                 0x3d (size before relaxing)
 .rodata._vfprintf_r.str1.1
                0x08006869       0x11 c:/develop/gcc-arm-none-eabi/bin/../lib/gcc/arm-none-eabi/10.3.1/../../../../arm-none-eabi/lib/thumb/v7-m/nofp\libc_nano.a(lib_a-nano-vfprintf.o)
 *fill*         0x08006869        0x3 
 .rodata.__sf_fake_stderr
                0x0800686c       0x20 c:/develop/gcc-arm-none-eabi/bin/../lib/gcc/arm-none-eabi/10.3.1/../../../../arm-none-eabi/lib/thumb/v7-m/nofp\libc_nano.a(lib_a-findfp.o)
                0x0800686c                __sf_fake_stderr
 .rodata.__sf_fake_stdin
                0x0800688c       0x20 c:/develop/gcc-arm-none-eabi/bin/../lib/gcc/arm-none-eabi/10.3.1/../../../../arm-none-eabi/lib/thumb/v7-m/nofp\libc_nano.a(lib_a-findfp.o)
                0x0800688c                __sf_fake_stdin
 .rodata.__sf_fake_stdout
                0x080068ac       0x20 c:/develop/gcc-arm-none-eabi/bin/../lib/gcc/arm-none-eabi/10.3.1/../../../../arm-none-eabi/lib/thumb/v7-m/nofp\libc_nano.a(lib_a-findfp.o)
                0x080068ac                __sf_fake_stdout
 *(.glue_7)
 .glue_7        0x080068cc        0x0 linker stubs
 *(.glue_7t)
 .glue_7t       0x080068cc        0x0 linker stubs
 *(.init)
 .init          0x080068cc        0x4 c:/develop/gcc-arm-none-eabi/bin/../lib/gcc/arm-none-eabi/10.3.1/thumb/v7-m/nofp/crti.o
                0x080068cc                _init
 .init          0x080068d0        0x8 c:/develop/gcc-arm-none-eabi/bin/../lib/gcc/arm-none-eabi/10.3.1/thumb/v7-m/nofp/crtn.o
 *(.fini)
 .fini          0x080068d8        0x4 c:/develop/gcc-arm-none-eabi/bin/../lib/gcc/arm-none-eabi/10.3.1/thumb/v7-m/nofp/crti.o
                0x080068d8                _fini
 .fini          0x080068dc        0x8 c:/develop/gcc-arm-none-eabi/bin/../lib/gcc/arm-none-eabi/10.3.1/thumb/v7-m/nofp/crtn.o
                0x080068e4                . = ALIGN (0x4)
                0x080068e4                _etext = .

.vfp11_veneer   0x080068e4        0x0
 .vfp11_veneer  0x080068e4        0x0 linker stubs

.v4_bx          0x080068e4        0x0
 .v4_bx         0x080068e4        0x0 linker stubs

.iplt           0x080068e4        0x0
 .iplt          0x080068e4        0x0 c:/develop/gcc-arm-none-eabi/bin/../lib/gcc/arm-none-eabi/10.3.1/thumb/v7-m/nofp/crtbegin.o

.rel.dyn        0x080068e4        0x0
 .rel.iplt      0x080068e4        0x0 c:/develop/gcc-arm-none-eabi/bin/../lib/gcc/arm-none-eabi/10.3.1/thumb/v7-m/nofp/crtbegin.o

.ARM.extab
 *(.ARM.extab* .gnu.linkonce.armextab.*)

.ARM            0x080068e4        0x0
                0x080068e4                __exidx_start = .
 *(.ARM.exidx*)
                0x080068e4                __exidx_end = .

.ARM.attributes
                0x080068e4       0x29
 *(.ARM.attributes)
 .ARM.attributes
                0x080068e4       0x1d c:/develop/gcc-arm-none-eabi/bin/../lib/gcc/arm-none-eabi/10.3.1/thumb/v7-m/nofp/crti.o
 .ARM.attributes
                0x08006901       0x2d c:/develop/gcc-arm-none-eabi/bin/../lib/gcc/arm-none-eabi/10.3.1/thumb/v7-m/nofp/crtbegin.o
 .ARM.attributes
                0x0800692e       0x2d build/main.o
 .ARM.attributes
                0x0800695b       0x2d build/stm32f10x_it.o
 .ARM.attributes
                0x08006988       0x2d build/system_stm32f10x.o
 .ARM.attributes
                0x080069b5       0x2d build/misc.o
 .ARM.attributes
                0x080069e2       0x2d build/stm32f10x_gpio.o
 .ARM.attributes
                0x08006a0f       0x2d build/stm32f10x_rcc.o
 .ARM.attributes
                0x08006a3c       0x2d build/stm32f10x_usart.o
 .ARM.attributes
                0x08006a69       0x2d build/stm32f10x_flash.o
 .ARM.attributes
                0x08006a96       0x2d build/stm32f10x_rtc.o
 .ARM.attributes
                0x08006ac3       0x2d build/stm32f10x_i2c.o
 .ARM.attributes
                0x08006af0       0x2d build/sys.o
 .ARM.attributes
                0x08006b1d       0x2d build/delay.o
 .ARM.attributes
                0x08006b4a       0x2d build/usart.o
 .ARM.attributes
                0x08006b77       0x2d build/rtc.o
 .ARM.attributes
                0x08006ba4       0x2d build/i2c.o
 .ARM.attributes
                0x08006bd1       0x2d build/oled0561.o
 .ARM.attributes
                0x08006bfe       0x21 build/startup_stm32f10x_hd.o
 .ARM.attributes
                0x08006c1f       0x2d c:/develop/gcc-arm-none-eabi/bin/../lib/gcc/arm-none-eabi/10.3.1/../../../../arm-none-eabi/lib/thumb/v7-m/nofp\libc_nano.a(lib_a-impure.o)
 .ARM.attributes
                0x08006c4c       0x2d c:/develop/gcc-arm-none-eabi/bin/../lib/gcc/arm-none-eabi/10.3.1/../../../../arm-none-eabi/lib/thumb/v7-m/nofp\libc_nano.a(lib_a-init.o)
 .ARM.attributes
                0x08006c79       0x2d c:/develop/gcc-arm-none-eabi/bin/../lib/gcc/arm-none-eabi/10.3.1/../../../../arm-none-eabi/lib/thumb/v7-m/nofp\libc_nano.a(lib_a-memset.o)
 .ARM.attributes
                0x08006ca6       0x2d c:/develop/gcc-arm-none-eabi/bin/../lib/gcc/arm-none-eabi/10.3.1/../../../../arm-none-eabi/lib/thumb/v7-m/nofp\libc_nano.a(lib_a-nano-vfprintf_float.o)
 .ARM.attributes
                0x08006cd3       0x2d c:/develop/gcc-arm-none-eabi/bin/../lib/gcc/arm-none-eabi/10.3.1/../../../../arm-none-eabi/lib/thumb/v7-m/nofp\libc_nano.a(lib_a-nano-vfprintf_i.o)
 .ARM.attributes
                0x08006d00       0x2d c:/develop/gcc-arm-none-eabi/bin/../lib/gcc/arm-none-eabi/10.3.1/../../../../arm-none-eabi/lib/thumb/v7-m/nofp\libc_nano.a(lib_a-nano-vfscanf_float.o)
 .ARM.attributes
                0x08006d2d       0x2d c:/develop/gcc-arm-none-eabi/bin/../lib/gcc/arm-none-eabi/10.3.1/../../../../arm-none-eabi/lib/thumb/v7-m/nofp\libc_nano.a(lib_a-sf_nan.o)
 .ARM.attributes
                0x08006d5a       0x2d c:/develop/gcc-arm-none-eabi/bin/../lib/gcc/arm-none-eabi/10.3.1/../../../../arm-none-eabi/lib/thumb/v7-m/nofp\libc_nano.a(lib_a-sprintf.o)
 .ARM.attributes
                0x08006d87       0x17 c:/develop/gcc-arm-none-eabi/bin/../lib/gcc/arm-none-eabi/10.3.1/../../../../arm-none-eabi/lib/thumb/v7-m/nofp\libc_nano.a(lib_a-strlen.o)
 .ARM.attributes
                0x08006d9e       0x2d c:/develop/gcc-arm-none-eabi/bin/../lib/gcc/arm-none-eabi/10.3.1/../../../../arm-none-eabi/lib/thumb/v7-m/nofp\libc_nano.a(lib_a-strtod.o)
 .ARM.attributes
                0x08006dcb       0x2d c:/develop/gcc-arm-none-eabi/bin/../lib/gcc/arm-none-eabi/10.3.1/../../../../arm-none-eabi/lib/thumb/v7-m/nofp\libc_nano.a(lib_a-strtol.o)
 .ARM.attributes
                0x08006df8       0x2d c:/develop/gcc-arm-none-eabi/bin/../lib/gcc/arm-none-eabi/10.3.1/../../../../arm-none-eabi/lib/thumb/v7-m/nofp\libc_nano.a(lib_a-ctype_.o)
 .ARM.attributes
                0x08006e25       0x2d c:/develop/gcc-arm-none-eabi/bin/../lib/gcc/arm-none-eabi/10.3.1/../../../../arm-none-eabi/lib/thumb/v7-m/nofp\libc_nano.a(lib_a-dtoa.o)
 .ARM.attributes
                0x08006e52       0x2d c:/develop/gcc-arm-none-eabi/bin/../lib/gcc/arm-none-eabi/10.3.1/../../../../arm-none-eabi/lib/thumb/v7-m/nofp\libc_nano.a(lib_a-errno.o)
 .ARM.attributes
                0x08006e7f       0x2d c:/develop/gcc-arm-none-eabi/bin/../lib/gcc/arm-none-eabi/10.3.1/../../../../arm-none-eabi/lib/thumb/v7-m/nofp\libc_nano.a(lib_a-gdtoa-gethex.o)
 .ARM.attributes
                0x08006eac       0x2d c:/develop/gcc-arm-none-eabi/bin/../lib/gcc/arm-none-eabi/10.3.1/../../../../arm-none-eabi/lib/thumb/v7-m/nofp\libc_nano.a(lib_a-gdtoa-hexnan.o)
 .ARM.attributes
                0x08006ed9       0x2d c:/develop/gcc-arm-none-eabi/bin/../lib/gcc/arm-none-eabi/10.3.1/../../../../arm-none-eabi/lib/thumb/v7-m/nofp\libc_nano.a(lib_a-lnumeric.o)
 .ARM.attributes
                0x08006f06       0x2d c:/develop/gcc-arm-none-eabi/bin/../lib/gcc/arm-none-eabi/10.3.1/../../../../arm-none-eabi/lib/thumb/v7-m/nofp\libc_nano.a(lib_a-locale.o)
 .ARM.attributes
                0x08006f33       0x2d c:/develop/gcc-arm-none-eabi/bin/../lib/gcc/arm-none-eabi/10.3.1/../../../../arm-none-eabi/lib/thumb/v7-m/nofp\libc_nano.a(lib_a-localeconv.o)
 .ARM.attributes
                0x08006f60       0x2d c:/develop/gcc-arm-none-eabi/bin/../lib/gcc/arm-none-eabi/10.3.1/../../../../arm-none-eabi/lib/thumb/v7-m/nofp\libc_nano.a(lib_a-malloc.o)
 .ARM.attributes
                0x08006f8d       0x2d c:/develop/gcc-arm-none-eabi/bin/../lib/gcc/arm-none-eabi/10.3.1/../../../../arm-none-eabi/lib/thumb/v7-m/nofp\libc_nano.a(lib_a-mbtowc_r.o)
 .ARM.attributes
                0x08006fba       0x2d c:/develop/gcc-arm-none-eabi/bin/../lib/gcc/arm-none-eabi/10.3.1/../../../../arm-none-eabi/lib/thumb/v7-m/nofp\libc_nano.a(lib_a-memchr-stub.o)
 .ARM.attributes
                0x08006fe7       0x2d c:/develop/gcc-arm-none-eabi/bin/../lib/gcc/arm-none-eabi/10.3.1/../../../../arm-none-eabi/lib/thumb/v7-m/nofp\libc_nano.a(lib_a-memcpy-stub.o)
 .ARM.attributes
                0x08007014       0x2d c:/develop/gcc-arm-none-eabi/bin/../lib/gcc/arm-none-eabi/10.3.1/../../../../arm-none-eabi/lib/thumb/v7-m/nofp\libc_nano.a(lib_a-mprec.o)
 .ARM.attributes
                0x08007041       0x2d c:/develop/gcc-arm-none-eabi/bin/../lib/gcc/arm-none-eabi/10.3.1/../../../../arm-none-eabi/lib/thumb/v7-m/nofp\libc_nano.a(lib_a-nano-callocr.o)
 .ARM.attributes
                0x0800706e       0x2d c:/develop/gcc-arm-none-eabi/bin/../lib/gcc/arm-none-eabi/10.3.1/../../../../arm-none-eabi/lib/thumb/v7-m/nofp\libc_nano.a(lib_a-nano-freer.o)
 .ARM.attributes
                0x0800709b       0x2d c:/develop/gcc-arm-none-eabi/bin/../lib/gcc/arm-none-eabi/10.3.1/../../../../arm-none-eabi/lib/thumb/v7-m/nofp\libc_nano.a(lib_a-nano-mallocr.o)
 .ARM.attributes
                0x080070c8       0x2d c:/develop/gcc-arm-none-eabi/bin/../lib/gcc/arm-none-eabi/10.3.1/../../../../arm-none-eabi/lib/thumb/v7-m/nofp\libc_nano.a(lib_a-nano-svfprintf.o)
 .ARM.attributes
                0x080070f5       0x2d c:/develop/gcc-arm-none-eabi/bin/../lib/gcc/arm-none-eabi/10.3.1/../../../../arm-none-eabi/lib/thumb/v7-m/nofp\libc_nano.a(lib_a-s_nan.o)
 .ARM.attributes
                0x08007122       0x2d c:/develop/gcc-arm-none-eabi/bin/../lib/gcc/arm-none-eabi/10.3.1/../../../../arm-none-eabi/lib/thumb/v7-m/nofp\libc_nano.a(lib_a-sbrkr.o)
 .ARM.attributes
                0x0800714f       0x2d c:/develop/gcc-arm-none-eabi/bin/../lib/gcc/arm-none-eabi/10.3.1/../../../../arm-none-eabi/lib/thumb/v7-m/nofp\libc_nano.a(lib_a-strncmp.o)
 .ARM.attributes
                0x0800717c       0x2d c:/develop/gcc-arm-none-eabi/bin/../lib/gcc/arm-none-eabi/10.3.1/../../../../arm-none-eabi/lib/thumb/v7-m/nofp\libc_nano.a(lib_a-wctomb_r.o)
 .ARM.attributes
                0x080071a9       0x2d c:/develop/gcc-arm-none-eabi/bin/../lib/gcc/arm-none-eabi/10.3.1/../../../../arm-none-eabi/lib/thumb/v7-m/nofp\libc_nano.a(lib_a-assert.o)
 .ARM.attributes
                0x080071d6       0x2d c:/develop/gcc-arm-none-eabi/bin/../lib/gcc/arm-none-eabi/10.3.1/../../../../arm-none-eabi/lib/thumb/v7-m/nofp\libc_nano.a(lib_a-fprintf.o)
 .ARM.attributes
                0x08007203       0x2d c:/develop/gcc-arm-none-eabi/bin/../lib/gcc/arm-none-eabi/10.3.1/../../../../arm-none-eabi/lib/thumb/v7-m/nofp\libc_nano.a(lib_a-memmove.o)
 .ARM.attributes
                0x08007230       0x2d c:/develop/gcc-arm-none-eabi/bin/../lib/gcc/arm-none-eabi/10.3.1/../../../../arm-none-eabi/lib/thumb/v7-m/nofp\libc_nano.a(lib_a-mlock.o)
 .ARM.attributes
                0x0800725d       0x2d c:/develop/gcc-arm-none-eabi/bin/../lib/gcc/arm-none-eabi/10.3.1/../../../../arm-none-eabi/lib/thumb/v7-m/nofp\libc_nano.a(lib_a-nano-reallocr.o)
 .ARM.attributes
                0x0800728a       0x2d c:/develop/gcc-arm-none-eabi/bin/../lib/gcc/arm-none-eabi/10.3.1/../../../../arm-none-eabi/lib/thumb/v7-m/nofp\libc_nano.a(lib_a-nano-vfprintf.o)
 .ARM.attributes
                0x080072b7       0x2d c:/develop/gcc-arm-none-eabi/bin/../lib/gcc/arm-none-eabi/10.3.1/../../../../arm-none-eabi/lib/thumb/v7-m/nofp\libc_nano.a(lib_a-reent.o)
 .ARM.attributes
                0x080072e4       0x2d c:/develop/gcc-arm-none-eabi/bin/../lib/gcc/arm-none-eabi/10.3.1/../../../../arm-none-eabi/lib/thumb/v7-m/nofp\libc_nano.a(lib_a-wbuf.o)
 .ARM.attributes
                0x08007311       0x2d c:/develop/gcc-arm-none-eabi/bin/../lib/gcc/arm-none-eabi/10.3.1/../../../../arm-none-eabi/lib/thumb/v7-m/nofp\libc_nano.a(lib_a-wsetup.o)
 .ARM.attributes
                0x0800733e       0x2d c:/develop/gcc-arm-none-eabi/bin/../lib/gcc/arm-none-eabi/10.3.1/../../../../arm-none-eabi/lib/thumb/v7-m/nofp\libc_nano.a(lib_a-abort.o)
 .ARM.attributes
                0x0800736b       0x2d c:/develop/gcc-arm-none-eabi/bin/../lib/gcc/arm-none-eabi/10.3.1/../../../../arm-none-eabi/lib/thumb/v7-m/nofp\libc_nano.a(lib_a-fflush.o)
 .ARM.attributes
                0x08007398       0x2d c:/develop/gcc-arm-none-eabi/bin/../lib/gcc/arm-none-eabi/10.3.1/../../../../arm-none-eabi/lib/thumb/v7-m/nofp\libc_nano.a(lib_a-findfp.o)
 .ARM.attributes
                0x080073c5       0x2d c:/develop/gcc-arm-none-eabi/bin/../lib/gcc/arm-none-eabi/10.3.1/../../../../arm-none-eabi/lib/thumb/v7-m/nofp\libc_nano.a(lib_a-fwalk.o)
 .ARM.attributes
                0x080073f2       0x2d c:/develop/gcc-arm-none-eabi/bin/../lib/gcc/arm-none-eabi/10.3.1/../../../../arm-none-eabi/lib/thumb/v7-m/nofp\libc_nano.a(lib_a-lock.o)
 .ARM.attributes
                0x0800741f       0x2d c:/develop/gcc-arm-none-eabi/bin/../lib/gcc/arm-none-eabi/10.3.1/../../../../arm-none-eabi/lib/thumb/v7-m/nofp\libc_nano.a(lib_a-makebuf.o)
 .ARM.attributes
                0x0800744c       0x2d c:/develop/gcc-arm-none-eabi/bin/../lib/gcc/arm-none-eabi/10.3.1/../../../../arm-none-eabi/lib/thumb/v7-m/nofp\libc_nano.a(lib_a-nano-msizer.o)
 .ARM.attributes
                0x08007479       0x2d c:/develop/gcc-arm-none-eabi/bin/../lib/gcc/arm-none-eabi/10.3.1/../../../../arm-none-eabi/lib/thumb/v7-m/nofp\libc_nano.a(lib_a-signal.o)
 .ARM.attributes
                0x080074a6       0x2d c:/develop/gcc-arm-none-eabi/bin/../lib/gcc/arm-none-eabi/10.3.1/../../../../arm-none-eabi/lib/thumb/v7-m/nofp\libc_nano.a(lib_a-signalr.o)
 .ARM.attributes
                0x080074d3       0x2d c:/develop/gcc-arm-none-eabi/bin/../lib/gcc/arm-none-eabi/10.3.1/../../../../arm-none-eabi/lib/thumb/v7-m/nofp\libc_nano.a(lib_a-stdio.o)
 .ARM.attributes
                0x08007500       0x2d c:/develop/gcc-arm-none-eabi/bin/../lib/gcc/arm-none-eabi/10.3.1/../../../../arm-none-eabi/lib/thumb/v7-m/nofp\libc_nano.a(lib_a-writer.o)
 .ARM.attributes
                0x0800752d       0x2d c:/develop/gcc-arm-none-eabi/bin/../lib/gcc/arm-none-eabi/10.3.1/../../../../arm-none-eabi/lib/thumb/v7-m/nofp\libc_nano.a(lib_a-closer.o)
 .ARM.attributes
                0x0800755a       0x2d c:/develop/gcc-arm-none-eabi/bin/../lib/gcc/arm-none-eabi/10.3.1/../../../../arm-none-eabi/lib/thumb/v7-m/nofp\libc_nano.a(lib_a-fstatr.o)
 .ARM.attributes
                0x08007587       0x2d c:/develop/gcc-arm-none-eabi/bin/../lib/gcc/arm-none-eabi/10.3.1/../../../../arm-none-eabi/lib/thumb/v7-m/nofp\libc_nano.a(lib_a-isattyr.o)
 .ARM.attributes
                0x080075b4       0x2d c:/develop/gcc-arm-none-eabi/bin/../lib/gcc/arm-none-eabi/10.3.1/../../../../arm-none-eabi/lib/thumb/v7-m/nofp\libc_nano.a(lib_a-lseekr.o)
 .ARM.attributes
                0x080075e1       0x2d c:/develop/gcc-arm-none-eabi/bin/../lib/gcc/arm-none-eabi/10.3.1/../../../../arm-none-eabi/lib/thumb/v7-m/nofp\libc_nano.a(lib_a-readr.o)
 .ARM.attributes
                0x0800760e       0x2d c:/develop/gcc-arm-none-eabi/bin/../lib/gcc/arm-none-eabi/10.3.1/../../../../arm-none-eabi/lib/thumb/v7-m/nofp\libnosys.a(close.o)
 .ARM.attributes
                0x0800763b       0x2d c:/develop/gcc-arm-none-eabi/bin/../lib/gcc/arm-none-eabi/10.3.1/../../../../arm-none-eabi/lib/thumb/v7-m/nofp\libnosys.a(fstat.o)
 .ARM.attributes
                0x08007668       0x2d c:/develop/gcc-arm-none-eabi/bin/../lib/gcc/arm-none-eabi/10.3.1/../../../../arm-none-eabi/lib/thumb/v7-m/nofp\libnosys.a(getpid.o)
 .ARM.attributes
                0x08007695       0x2d c:/develop/gcc-arm-none-eabi/bin/../lib/gcc/arm-none-eabi/10.3.1/../../../../arm-none-eabi/lib/thumb/v7-m/nofp\libnosys.a(isatty.o)
 .ARM.attributes
                0x080076c2       0x2d c:/develop/gcc-arm-none-eabi/bin/../lib/gcc/arm-none-eabi/10.3.1/../../../../arm-none-eabi/lib/thumb/v7-m/nofp\libnosys.a(kill.o)
 .ARM.attributes
                0x080076ef       0x2d c:/develop/gcc-arm-none-eabi/bin/../lib/gcc/arm-none-eabi/10.3.1/../../../../arm-none-eabi/lib/thumb/v7-m/nofp\libnosys.a(lseek.o)
 .ARM.attributes
                0x0800771c       0x2d c:/develop/gcc-arm-none-eabi/bin/../lib/gcc/arm-none-eabi/10.3.1/../../../../arm-none-eabi/lib/thumb/v7-m/nofp\libnosys.a(read.o)
 .ARM.attributes
                0x08007749       0x2d c:/develop/gcc-arm-none-eabi/bin/../lib/gcc/arm-none-eabi/10.3.1/../../../../arm-none-eabi/lib/thumb/v7-m/nofp\libnosys.a(sbrk.o)
 .ARM.attributes
                0x08007776       0x2d c:/develop/gcc-arm-none-eabi/bin/../lib/gcc/arm-none-eabi/10.3.1/../../../../arm-none-eabi/lib/thumb/v7-m/nofp\libnosys.a(_exit.o)
 .ARM.attributes
                0x080077a3       0x1d c:/develop/gcc-arm-none-eabi/bin/../lib/gcc/arm-none-eabi/10.3.1/thumb/v7-m/nofp\libgcc.a(_arm_addsubdf3.o)
 .ARM.attributes
                0x080077c0       0x1d c:/develop/gcc-arm-none-eabi/bin/../lib/gcc/arm-none-eabi/10.3.1/thumb/v7-m/nofp\libgcc.a(_arm_muldivdf3.o)
 .ARM.attributes
                0x080077dd       0x1d c:/develop/gcc-arm-none-eabi/bin/../lib/gcc/arm-none-eabi/10.3.1/thumb/v7-m/nofp\libgcc.a(_arm_cmpdf2.o)
 .ARM.attributes
                0x080077fa       0x1d c:/develop/gcc-arm-none-eabi/bin/../lib/gcc/arm-none-eabi/10.3.1/thumb/v7-m/nofp\libgcc.a(_arm_unorddf2.o)
 .ARM.attributes
                0x08007817       0x1d c:/develop/gcc-arm-none-eabi/bin/../lib/gcc/arm-none-eabi/10.3.1/thumb/v7-m/nofp\libgcc.a(_arm_fixdfsi.o)
 .ARM.attributes
                0x08007834       0x1d c:/develop/gcc-arm-none-eabi/bin/../lib/gcc/arm-none-eabi/10.3.1/thumb/v7-m/nofp\libgcc.a(_arm_fixunsdfsi.o)
 .ARM.attributes
                0x08007851       0x1d c:/develop/gcc-arm-none-eabi/bin/../lib/gcc/arm-none-eabi/10.3.1/thumb/v7-m/nofp\libgcc.a(_arm_truncdfsf2.o)
 .ARM.attributes
                0x0800786e       0x2d c:/develop/gcc-arm-none-eabi/bin/../lib/gcc/arm-none-eabi/10.3.1/thumb/v7-m/nofp\libgcc.a(_fixdfdi.o)
 .ARM.attributes
                0x0800789b       0x2d c:/develop/gcc-arm-none-eabi/bin/../lib/gcc/arm-none-eabi/10.3.1/thumb/v7-m/nofp\libgcc.a(_fixunsdfdi.o)
 .ARM.attributes
                0x080078c8       0x1d c:/develop/gcc-arm-none-eabi/bin/../lib/gcc/arm-none-eabi/10.3.1/thumb/v7-m/nofp/crtn.o

.preinit_array  0x080068e4        0x0
                0x080068e4                PROVIDE (__preinit_array_start = .)
 *(.preinit_array*)
                0x080068e4                PROVIDE (__preinit_array_end = .)

.init_array     0x080068e4        0x4
                0x080068e4                PROVIDE (__init_array_start = .)
 *(SORT_BY_NAME(.init_array.*))
 *(.init_array*)
 .init_array    0x080068e4        0x4 c:/develop/gcc-arm-none-eabi/bin/../lib/gcc/arm-none-eabi/10.3.1/thumb/v7-m/nofp/crtbegin.o
                0x080068e8                PROVIDE (__init_array_end = .)

.fini_array     0x080068e8        0x4
                [!provide]                PROVIDE (__fini_array_start = .)
 *(.fini_array*)
 .fini_array    0x080068e8        0x4 c:/develop/gcc-arm-none-eabi/bin/../lib/gcc/arm-none-eabi/10.3.1/thumb/v7-m/nofp/crtbegin.o
 *(SORT_BY_NAME(.fini_array.*))
                [!provide]                PROVIDE (__fini_array_end = .)
                0x080068ec                _sidata = .

.data           0x20000000      0x5e8 load address 0x080068ec
                0x20000000                . = ALIGN (0x4)
                0x20000000                _sdata = .
 *(.data)
 *(.data*)
 .data.ADCPrescTable
                0x20000000        0x4 build/stm32f10x_rcc.o
 .data.APBAHBPrescTable
                0x20000004       0x10 build/stm32f10x_rcc.o
 .data.PIC      0x20000014      0x400 build/oled0561.o
                0x20000014                PIC
 .data._impure_ptr
                0x20000414        0x4 c:/develop/gcc-arm-none-eabi/bin/../lib/gcc/arm-none-eabi/10.3.1/../../../../arm-none-eabi/lib/thumb/v7-m/nofp\libc_nano.a(lib_a-impure.o)
                0x20000414                _impure_ptr
 .data.impure_data
                0x20000418       0x60 c:/develop/gcc-arm-none-eabi/bin/../lib/gcc/arm-none-eabi/10.3.1/../../../../arm-none-eabi/lib/thumb/v7-m/nofp\libc_nano.a(lib_a-impure.o)
 .data.numempty
                0x20000478        0x2 c:/develop/gcc-arm-none-eabi/bin/../lib/gcc/arm-none-eabi/10.3.1/../../../../arm-none-eabi/lib/thumb/v7-m/nofp\libc_nano.a(lib_a-lnumeric.o)
 *fill*         0x2000047a        0x2 
 .data.__global_locale
                0x2000047c      0x16c c:/develop/gcc-arm-none-eabi/bin/../lib/gcc/arm-none-eabi/10.3.1/../../../../arm-none-eabi/lib/thumb/v7-m/nofp\libc_nano.a(lib_a-locale.o)
                0x2000047c                __global_locale
                0x200005e8                . = ALIGN (0x4)
                0x200005e8                _edata = .

.igot.plt       0x200005e8        0x0 load address 0x08006ed4
 .igot.plt      0x200005e8        0x0 c:/develop/gcc-arm-none-eabi/bin/../lib/gcc/arm-none-eabi/10.3.1/thumb/v7-m/nofp/crtbegin.o
                0x200005e8                . = ALIGN (0x4)

.bss            0x200005e8      0x834 load address 0x08006ed4
                0x200005e8                _sbss = .
                0x200005e8                __bss_start__ = _sbss
 *(.bss)
 .bss           0x200005e8       0x1c c:/develop/gcc-arm-none-eabi/bin/../lib/gcc/arm-none-eabi/10.3.1/thumb/v7-m/nofp/crtbegin.o
 *(.bss*)
 .bss.USART1_RX_BUF
                0x20000604      0x800 build/usart.o
                0x20000604                USART1_RX_BUF
 .bss.USART1_RX_STA
                0x20000e04        0x2 build/usart.o
                0x20000e04                USART1_RX_STA
 *fill*         0x20000e06        0x2 
 .bss.__malloc_free_list
                0x20000e08        0x4 c:/develop/gcc-arm-none-eabi/bin/../lib/gcc/arm-none-eabi/10.3.1/../../../../arm-none-eabi/lib/thumb/v7-m/nofp\libc_nano.a(lib_a-nano-mallocr.o)
                0x20000e08                __malloc_free_list
 .bss.__malloc_sbrk_start
                0x20000e0c        0x4 c:/develop/gcc-arm-none-eabi/bin/../lib/gcc/arm-none-eabi/10.3.1/../../../../arm-none-eabi/lib/thumb/v7-m/nofp\libc_nano.a(lib_a-nano-mallocr.o)
                0x20000e0c                __malloc_sbrk_start
 .bss.errno     0x20000e10        0x4 c:/develop/gcc-arm-none-eabi/bin/../lib/gcc/arm-none-eabi/10.3.1/../../../../arm-none-eabi/lib/thumb/v7-m/nofp\libc_nano.a(lib_a-reent.o)
                0x20000e10                errno
 .bss.__lock___malloc_recursive_mutex
                0x20000e14        0x1 c:/develop/gcc-arm-none-eabi/bin/../lib/gcc/arm-none-eabi/10.3.1/../../../../arm-none-eabi/lib/thumb/v7-m/nofp\libc_nano.a(lib_a-lock.o)
                0x20000e14                __lock___malloc_recursive_mutex
 .bss.__lock___sfp_recursive_mutex
                0x20000e15        0x1 c:/develop/gcc-arm-none-eabi/bin/../lib/gcc/arm-none-eabi/10.3.1/../../../../arm-none-eabi/lib/thumb/v7-m/nofp\libc_nano.a(lib_a-lock.o)
                0x20000e15                __lock___sfp_recursive_mutex
 .bss.__lock___sinit_recursive_mutex
                0x20000e16        0x1 c:/develop/gcc-arm-none-eabi/bin/../lib/gcc/arm-none-eabi/10.3.1/../../../../arm-none-eabi/lib/thumb/v7-m/nofp\libc_nano.a(lib_a-lock.o)
                0x20000e16                __lock___sinit_recursive_mutex
 *fill*         0x20000e17        0x1 
 .bss.heap_end.0
                0x20000e18        0x4 c:/develop/gcc-arm-none-eabi/bin/../lib/gcc/arm-none-eabi/10.3.1/../../../../arm-none-eabi/lib/thumb/v7-m/nofp\libnosys.a(sbrk.o)
 *(COMMON)
                0x20000e1c                . = ALIGN (0x4)
                0x20000e1c                _ebss = .
                0x20000e1c                __bss_end__ = _ebss
                0x20000e1c                PROVIDE (end = _ebss)
                [!provide]                PROVIDE (_end = _ebss)

._user_heap_stack
                0x20000e1c      0x100 load address 0x08007708
                0x20000e1c                . = ALIGN (0x4)
                0x20000e1c                . = (. + _Min_Heap_Size)
                0x20000f1c                . = (. + _Min_Stack_Size)
 *fill*         0x20000e1c      0x100 
                0x20000f1c                . = ALIGN (0x4)

.memory_b1_text
 *(.mb1text)
 *(.mb1text*)
 *(.mb1rodata)
 *(.mb1rodata*)

/DISCARD/
 libc.a(*)
 libm.a(*)
 libgcc.a(*)
OUTPUT(build/build_pro.elf elf32-littlearm)
LOAD linker stubs
LOAD c:/develop/gcc-arm-none-eabi/bin/../lib/gcc/arm-none-eabi/10.3.1/../../../../arm-none-eabi/lib/thumb/v7-m/nofp\libc.a
LOAD c:/develop/gcc-arm-none-eabi/bin/../lib/gcc/arm-none-eabi/10.3.1/../../../../arm-none-eabi/lib/thumb/v7-m/nofp\libm.a
LOAD c:/develop/gcc-arm-none-eabi/bin/../lib/gcc/arm-none-eabi/10.3.1/thumb/v7-m/nofp\libgcc.a

.debug_info     0x00000000     0x8313
 .debug_info    0x00000000      0x3b3 build/main.o
 .debug_info    0x000003b3      0x136 build/stm32f10x_it.o
 .debug_info    0x000004e9      0x500 build/system_stm32f10x.o
 .debug_info    0x000009e9      0x596 build/misc.o
 .debug_info    0x00000f7f      0x98f build/stm32f10x_gpio.o
 .debug_info    0x0000190e      0xa23 build/stm32f10x_rcc.o
 .debug_info    0x00002331      0xcc3 build/stm32f10x_usart.o
 .debug_info    0x00002ff4      0xb83 build/stm32f10x_flash.o
 .debug_info    0x00003b77      0x524 build/stm32f10x_rtc.o
 .debug_info    0x0000409b      0xd64 build/stm32f10x_i2c.o
 .debug_info    0x00004dff      0x316 build/sys.o
 .debug_info    0x00005115      0x1c5 build/delay.o
 .debug_info    0x000052da     0x13ed build/usart.o
 .debug_info    0x000066c7      0x7a3 build/rtc.o
 .debug_info    0x00006e6a      0xce3 build/i2c.o
 .debug_info    0x00007b4d      0x7a4 build/oled0561.o
 .debug_info    0x000082f1       0x22 build/startup_stm32f10x_hd.o

.debug_abbrev   0x00000000     0x1b75
 .debug_abbrev  0x00000000      0x183 build/main.o
 .debug_abbrev  0x00000183       0x46 build/stm32f10x_it.o
 .debug_abbrev  0x000001c9      0x1ba build/system_stm32f10x.o
 .debug_abbrev  0x00000383      0x178 build/misc.o
 .debug_abbrev  0x000004fb      0x23f build/stm32f10x_gpio.o
 .debug_abbrev  0x0000073a      0x240 build/stm32f10x_rcc.o
 .debug_abbrev  0x0000097a      0x1fb build/stm32f10x_usart.o
 .debug_abbrev  0x00000b75      0x1ec build/stm32f10x_flash.o
 .debug_abbrev  0x00000d61      0x1cf build/stm32f10x_rtc.o
 .debug_abbrev  0x00000f30      0x210 build/stm32f10x_i2c.o
 .debug_abbrev  0x00001140       0xf6 build/sys.o
 .debug_abbrev  0x00001236       0xf9 build/delay.o
 .debug_abbrev  0x0000132f      0x365 build/usart.o
 .debug_abbrev  0x00001694      0x1de build/rtc.o
 .debug_abbrev  0x00001872      0x1aa build/i2c.o
 .debug_abbrev  0x00001a1c      0x147 build/oled0561.o
 .debug_abbrev  0x00001b63       0x12 build/startup_stm32f10x_hd.o

.debug_loc      0x00000000     0x3f5f
 .debug_loc     0x00000000       0xa4 build/main.o
 .debug_loc     0x000000a4      0x177 build/system_stm32f10x.o
 .debug_loc     0x0000021b      0x16b build/misc.o
 .debug_loc     0x00000386      0x6d8 build/stm32f10x_gpio.o
 .debug_loc     0x00000a5e      0x6c4 build/stm32f10x_rcc.o
 .debug_loc     0x00001122      0x890 build/stm32f10x_usart.o
 .debug_loc     0x000019b2      0x8bb build/stm32f10x_flash.o
 .debug_loc     0x0000226d      0x2db build/stm32f10x_rtc.o
 .debug_loc     0x00002548      0x83b build/stm32f10x_i2c.o
 .debug_loc     0x00002d83       0x62 build/sys.o
 .debug_loc     0x00002de5       0xdd build/delay.o
 .debug_loc     0x00002ec2      0x25f build/usart.o
 .debug_loc     0x00003121      0x58c build/rtc.o
 .debug_loc     0x000036ad      0x344 build/i2c.o
 .debug_loc     0x000039f1      0x56e build/oled0561.o

.debug_aranges  0x00000000      0x830
 .debug_aranges
                0x00000000       0x20 build/main.o
 .debug_aranges
                0x00000020       0x60 build/stm32f10x_it.o
 .debug_aranges
                0x00000080       0x38 build/system_stm32f10x.o
 .debug_aranges
                0x000000b8       0x40 build/misc.o
 .debug_aranges
                0x000000f8       0xa8 build/stm32f10x_gpio.o
 .debug_aranges
                0x000001a0      0x118 build/stm32f10x_rcc.o
 .debug_aranges
                0x000002b8      0x100 build/stm32f10x_usart.o
 .debug_aranges
                0x000003b8       0xf8 build/stm32f10x_flash.o
 .debug_aranges
                0x000004b0       0x88 build/stm32f10x_rtc.o
 .debug_aranges
                0x00000538      0x120 build/stm32f10x_i2c.o
 .debug_aranges
                0x00000658       0x28 build/sys.o
 .debug_aranges
                0x00000680       0x30 build/delay.o
 .debug_aranges
                0x000006b0       0x50 build/usart.o
 .debug_aranges
                0x00000700       0x58 build/rtc.o
 .debug_aranges
                0x00000758       0x48 build/i2c.o
 .debug_aranges
                0x000007a0       0x68 build/oled0561.o
 .debug_aranges
                0x00000808       0x28 build/startup_stm32f10x_hd.o

.debug_ranges   0x00000000      0x740
 .debug_ranges  0x00000000       0x10 build/main.o
 .debug_ranges  0x00000010       0x50 build/stm32f10x_it.o
 .debug_ranges  0x00000060       0x28 build/system_stm32f10x.o
 .debug_ranges  0x00000088       0x30 build/misc.o
 .debug_ranges  0x000000b8       0x98 build/stm32f10x_gpio.o
 .debug_ranges  0x00000150      0x108 build/stm32f10x_rcc.o
 .debug_ranges  0x00000258       0xf0 build/stm32f10x_usart.o
 .debug_ranges  0x00000348       0xe8 build/stm32f10x_flash.o
 .debug_ranges  0x00000430       0x78 build/stm32f10x_rtc.o
 .debug_ranges  0x000004a8      0x110 build/stm32f10x_i2c.o
 .debug_ranges  0x000005b8       0x18 build/sys.o
 .debug_ranges  0x000005d0       0x20 build/delay.o
 .debug_ranges  0x000005f0       0x58 build/usart.o
 .debug_ranges  0x00000648       0x48 build/rtc.o
 .debug_ranges  0x00000690       0x38 build/i2c.o
 .debug_ranges  0x000006c8       0x58 build/oled0561.o
 .debug_ranges  0x00000720       0x20 build/startup_stm32f10x_hd.o

.debug_line     0x00000000     0x4c25
 .debug_line    0x00000000      0x1be build/main.o
 .debug_line    0x000001be      0x125 build/stm32f10x_it.o
 .debug_line    0x000002e3      0x371 build/system_stm32f10x.o
 .debug_line    0x00000654      0x232 build/misc.o
 .debug_line    0x00000886      0x650 build/stm32f10x_gpio.o
 .debug_line    0x00000ed6      0x7fe build/stm32f10x_rcc.o
 .debug_line    0x000016d4      0x827 build/stm32f10x_usart.o
 .debug_line    0x00001efb      0x97f build/stm32f10x_flash.o
 .debug_line    0x0000287a      0x354 build/stm32f10x_rtc.o
 .debug_line    0x00002bce      0x8b0 build/stm32f10x_i2c.o
 .debug_line    0x0000347e      0x19d build/sys.o
 .debug_line    0x0000361b      0x1a0 build/delay.o
 .debug_line    0x000037bb      0x49e build/usart.o
 .debug_line    0x00003c59      0x51c build/rtc.o
 .debug_line    0x00004175      0x52f build/i2c.o
 .debug_line    0x000046a4      0x506 build/oled0561.o
 .debug_line    0x00004baa       0x7b build/startup_stm32f10x_hd.o

.debug_str      0x00000000     0x253a
 .debug_str     0x00000000      0x240 build/main.o
                                0x299 (size before relaxing)
 .debug_str     0x00000240       0xa4 build/stm32f10x_it.o
                                0x1d9 (size before relaxing)
 .debug_str     0x000002e4      0x142 build/system_stm32f10x.o
                                0x2ca (size before relaxing)
 .debug_str     0x00000426      0x1c9 build/misc.o
                                0x3a4 (size before relaxing)
 .debug_str     0x000005ef      0x371 build/stm32f10x_gpio.o
                                0x51c (size before relaxing)
 .debug_str     0x00000960      0x3a8 build/stm32f10x_rcc.o
                                0x606 (size before relaxing)
 .debug_str     0x00000d08      0x3cd build/stm32f10x_usart.o
                                0x6bc (size before relaxing)
 .debug_str     0x000010d5      0x3de build/stm32f10x_flash.o
                                0x5d4 (size before relaxing)
 .debug_str     0x000014b3      0x18d build/stm32f10x_rtc.o
                                0x38e (size before relaxing)
 .debug_str     0x00001640      0x39e build/stm32f10x_i2c.o
                                0x67b (size before relaxing)
 .debug_str     0x000019de       0x34 build/sys.o
                                0x2c0 (size before relaxing)
 .debug_str     0x00001a12       0x25 build/delay.o
                                0x1a8 (size before relaxing)
 .debug_str     0x00001a37      0x83c build/usart.o
                                0xd16 (size before relaxing)
 .debug_str     0x00002273      0x14f build/rtc.o
                                0x3bd (size before relaxing)
 .debug_str     0x000023c2       0xa6 build/i2c.o
                                0x52f (size before relaxing)
 .debug_str     0x00002468       0xa5 build/oled0561.o
                                0x261 (size before relaxing)
 .debug_str     0x0000250d       0x2d build/startup_stm32f10x_hd.o
                                 0x4f (size before relaxing)

.comment        0x00000000       0x49
 .comment       0x00000000       0x49 build/main.o
                                 0x4a (size before relaxing)
 .comment       0x00000049       0x4a build/stm32f10x_it.o
 .comment       0x00000049       0x4a build/system_stm32f10x.o
 .comment       0x00000049       0x4a build/misc.o
 .comment       0x00000049       0x4a build/stm32f10x_gpio.o
 .comment       0x00000049       0x4a build/stm32f10x_rcc.o
 .comment       0x00000049       0x4a build/stm32f10x_usart.o
 .comment       0x00000049       0x4a build/stm32f10x_flash.o
 .comment       0x00000049       0x4a build/stm32f10x_rtc.o
 .comment       0x00000049       0x4a build/stm32f10x_i2c.o
 .comment       0x00000049       0x4a build/sys.o
 .comment       0x00000049       0x4a build/delay.o
 .comment       0x00000049       0x4a build/usart.o
 .comment       0x00000049       0x4a build/rtc.o
 .comment       0x00000049       0x4a build/i2c.o
 .comment       0x00000049       0x4a build/oled0561.o

.debug_frame    0x00000000     0x27e4
 .debug_frame   0x00000000       0x2c build/main.o
 .debug_frame   0x0000002c       0xa0 build/stm32f10x_it.o
 .debug_frame   0x000000cc       0x6c build/system_stm32f10x.o
 .debug_frame   0x00000138       0x60 build/misc.o
 .debug_frame   0x00000198      0x160 build/stm32f10x_gpio.o
 .debug_frame   0x000002f8      0x228 build/stm32f10x_rcc.o
 .debug_frame   0x00000520      0x204 build/stm32f10x_usart.o
 .debug_frame   0x00000724      0x254 build/stm32f10x_flash.o
 .debug_frame   0x00000978      0x108 build/stm32f10x_rtc.o
 .debug_frame   0x00000a80      0x250 build/stm32f10x_i2c.o
 .debug_frame   0x00000cd0       0x40 build/sys.o
 .debug_frame   0x00000d10       0x50 build/delay.o
 .debug_frame   0x00000d60       0xd0 build/usart.o
 .debug_frame   0x00000e30       0xdc build/rtc.o
 .debug_frame   0x00000f0c       0xc4 build/i2c.o
 .debug_frame   0x00000fd0      0x134 build/oled0561.o
 .debug_frame   0x00001104       0x2c c:/develop/gcc-arm-none-eabi/bin/../lib/gcc/arm-none-eabi/10.3.1/../../../../arm-none-eabi/lib/thumb/v7-m/nofp\libc_nano.a(lib_a-init.o)
 .debug_frame   0x00001130       0x20 c:/develop/gcc-arm-none-eabi/bin/../lib/gcc/arm-none-eabi/10.3.1/../../../../arm-none-eabi/lib/thumb/v7-m/nofp\libc_nano.a(lib_a-memset.o)
 .debug_frame   0x00001150       0x94 c:/develop/gcc-arm-none-eabi/bin/../lib/gcc/arm-none-eabi/10.3.1/../../../../arm-none-eabi/lib/thumb/v7-m/nofp\libc_nano.a(lib_a-nano-vfprintf_float.o)
 .debug_frame   0x000011e4       0x60 c:/develop/gcc-arm-none-eabi/bin/../lib/gcc/arm-none-eabi/10.3.1/../../../../arm-none-eabi/lib/thumb/v7-m/nofp\libc_nano.a(lib_a-nano-vfprintf_i.o)
 .debug_frame   0x00001244       0x40 c:/develop/gcc-arm-none-eabi/bin/../lib/gcc/arm-none-eabi/10.3.1/../../../../arm-none-eabi/lib/thumb/v7-m/nofp\libc_nano.a(lib_a-nano-vfscanf_float.o)
 .debug_frame   0x00001284       0x20 c:/develop/gcc-arm-none-eabi/bin/../lib/gcc/arm-none-eabi/10.3.1/../../../../arm-none-eabi/lib/thumb/v7-m/nofp\libc_nano.a(lib_a-sf_nan.o)
 .debug_frame   0x000012a4       0x6c c:/develop/gcc-arm-none-eabi/bin/../lib/gcc/arm-none-eabi/10.3.1/../../../../arm-none-eabi/lib/thumb/v7-m/nofp\libc_nano.a(lib_a-sprintf.o)
 .debug_frame   0x00001310       0xe8 c:/develop/gcc-arm-none-eabi/bin/../lib/gcc/arm-none-eabi/10.3.1/../../../../arm-none-eabi/lib/thumb/v7-m/nofp\libc_nano.a(lib_a-strtod.o)
 .debug_frame   0x000013f8       0x64 c:/develop/gcc-arm-none-eabi/bin/../lib/gcc/arm-none-eabi/10.3.1/../../../../arm-none-eabi/lib/thumb/v7-m/nofp\libc_nano.a(lib_a-strtol.o)
 .debug_frame   0x0000145c       0x6c c:/develop/gcc-arm-none-eabi/bin/../lib/gcc/arm-none-eabi/10.3.1/../../../../arm-none-eabi/lib/thumb/v7-m/nofp\libc_nano.a(lib_a-dtoa.o)
 .debug_frame   0x000014c8       0x20 c:/develop/gcc-arm-none-eabi/bin/../lib/gcc/arm-none-eabi/10.3.1/../../../../arm-none-eabi/lib/thumb/v7-m/nofp\libc_nano.a(lib_a-errno.o)
 .debug_frame   0x000014e8       0x74 c:/develop/gcc-arm-none-eabi/bin/../lib/gcc/arm-none-eabi/10.3.1/../../../../arm-none-eabi/lib/thumb/v7-m/nofp\libc_nano.a(lib_a-gdtoa-gethex.o)
 .debug_frame   0x0000155c       0x74 c:/develop/gcc-arm-none-eabi/bin/../lib/gcc/arm-none-eabi/10.3.1/../../../../arm-none-eabi/lib/thumb/v7-m/nofp\libc_nano.a(lib_a-gdtoa-hexnan.o)
 .debug_frame   0x000015d0       0x20 c:/develop/gcc-arm-none-eabi/bin/../lib/gcc/arm-none-eabi/10.3.1/../../../../arm-none-eabi/lib/thumb/v7-m/nofp\libc_nano.a(lib_a-lnumeric.o)
 .debug_frame   0x000015f0       0x48 c:/develop/gcc-arm-none-eabi/bin/../lib/gcc/arm-none-eabi/10.3.1/../../../../arm-none-eabi/lib/thumb/v7-m/nofp\libc_nano.a(lib_a-locale.o)
 .debug_frame   0x00001638       0x40 c:/develop/gcc-arm-none-eabi/bin/../lib/gcc/arm-none-eabi/10.3.1/../../../../arm-none-eabi/lib/thumb/v7-m/nofp\libc_nano.a(lib_a-localeconv.o)
 .debug_frame   0x00001678       0x30 c:/develop/gcc-arm-none-eabi/bin/../lib/gcc/arm-none-eabi/10.3.1/../../../../arm-none-eabi/lib/thumb/v7-m/nofp\libc_nano.a(lib_a-malloc.o)
 .debug_frame   0x000016a8       0x48 c:/develop/gcc-arm-none-eabi/bin/../lib/gcc/arm-none-eabi/10.3.1/../../../../arm-none-eabi/lib/thumb/v7-m/nofp\libc_nano.a(lib_a-mbtowc_r.o)
 .debug_frame   0x000016f0       0x28 c:/develop/gcc-arm-none-eabi/bin/../lib/gcc/arm-none-eabi/10.3.1/../../../../arm-none-eabi/lib/thumb/v7-m/nofp\libc_nano.a(lib_a-memchr-stub.o)
 .debug_frame   0x00001718       0x28 c:/develop/gcc-arm-none-eabi/bin/../lib/gcc/arm-none-eabi/10.3.1/../../../../arm-none-eabi/lib/thumb/v7-m/nofp\libc_nano.a(lib_a-memcpy-stub.o)
 .debug_frame   0x00001740      0x254 c:/develop/gcc-arm-none-eabi/bin/../lib/gcc/arm-none-eabi/10.3.1/../../../../arm-none-eabi/lib/thumb/v7-m/nofp\libc_nano.a(lib_a-mprec.o)
 .debug_frame   0x00001994       0x2c c:/develop/gcc-arm-none-eabi/bin/../lib/gcc/arm-none-eabi/10.3.1/../../../../arm-none-eabi/lib/thumb/v7-m/nofp\libc_nano.a(lib_a-nano-callocr.o)
 .debug_frame   0x000019c0       0x38 c:/develop/gcc-arm-none-eabi/bin/../lib/gcc/arm-none-eabi/10.3.1/../../../../arm-none-eabi/lib/thumb/v7-m/nofp\libc_nano.a(lib_a-nano-freer.o)
 .debug_frame   0x000019f8       0x4c c:/develop/gcc-arm-none-eabi/bin/../lib/gcc/arm-none-eabi/10.3.1/../../../../arm-none-eabi/lib/thumb/v7-m/nofp\libc_nano.a(lib_a-nano-mallocr.o)
 .debug_frame   0x00001a44       0x90 c:/develop/gcc-arm-none-eabi/bin/../lib/gcc/arm-none-eabi/10.3.1/../../../../arm-none-eabi/lib/thumb/v7-m/nofp\libc_nano.a(lib_a-nano-svfprintf.o)
 .debug_frame   0x00001ad4       0x20 c:/develop/gcc-arm-none-eabi/bin/../lib/gcc/arm-none-eabi/10.3.1/../../../../arm-none-eabi/lib/thumb/v7-m/nofp\libc_nano.a(lib_a-s_nan.o)
 .debug_frame   0x00001af4       0x2c c:/develop/gcc-arm-none-eabi/bin/../lib/gcc/arm-none-eabi/10.3.1/../../../../arm-none-eabi/lib/thumb/v7-m/nofp\libc_nano.a(lib_a-sbrkr.o)
 .debug_frame   0x00001b20       0x28 c:/develop/gcc-arm-none-eabi/bin/../lib/gcc/arm-none-eabi/10.3.1/../../../../arm-none-eabi/lib/thumb/v7-m/nofp\libc_nano.a(lib_a-strncmp.o)
 .debug_frame   0x00001b48       0x3c c:/develop/gcc-arm-none-eabi/bin/../lib/gcc/arm-none-eabi/10.3.1/../../../../arm-none-eabi/lib/thumb/v7-m/nofp\libc_nano.a(lib_a-wctomb_r.o)
 .debug_frame   0x00001b84       0x40 c:/develop/gcc-arm-none-eabi/bin/../lib/gcc/arm-none-eabi/10.3.1/../../../../arm-none-eabi/lib/thumb/v7-m/nofp\libc_nano.a(lib_a-assert.o)
 .debug_frame   0x00001bc4       0x64 c:/develop/gcc-arm-none-eabi/bin/../lib/gcc/arm-none-eabi/10.3.1/../../../../arm-none-eabi/lib/thumb/v7-m/nofp\libc_nano.a(lib_a-fprintf.o)
 .debug_frame   0x00001c28       0x28 c:/develop/gcc-arm-none-eabi/bin/../lib/gcc/arm-none-eabi/10.3.1/../../../../arm-none-eabi/lib/thumb/v7-m/nofp\libc_nano.a(lib_a-memmove.o)
 .debug_frame   0x00001c50       0x30 c:/develop/gcc-arm-none-eabi/bin/../lib/gcc/arm-none-eabi/10.3.1/../../../../arm-none-eabi/lib/thumb/v7-m/nofp\libc_nano.a(lib_a-mlock.o)
 .debug_frame   0x00001c80       0x3c c:/develop/gcc-arm-none-eabi/bin/../lib/gcc/arm-none-eabi/10.3.1/../../../../arm-none-eabi/lib/thumb/v7-m/nofp\libc_nano.a(lib_a-nano-reallocr.o)
 .debug_frame   0x00001cbc       0xac c:/develop/gcc-arm-none-eabi/bin/../lib/gcc/arm-none-eabi/10.3.1/../../../../arm-none-eabi/lib/thumb/v7-m/nofp\libc_nano.a(lib_a-nano-vfprintf.o)
 .debug_frame   0x00001d68       0x5c c:/develop/gcc-arm-none-eabi/bin/../lib/gcc/arm-none-eabi/10.3.1/../../../../arm-none-eabi/lib/thumb/v7-m/nofp\libc_nano.a(lib_a-reent.o)
 .debug_frame   0x00001dc4       0x40 c:/develop/gcc-arm-none-eabi/bin/../lib/gcc/arm-none-eabi/10.3.1/../../../../arm-none-eabi/lib/thumb/v7-m/nofp\libc_nano.a(lib_a-wbuf.o)